Fixed background preloader loaded without reactive context dependencies
DataManager class loaded and assigned to global environment
Loading required package: pdftools
Using poppler version 24.02.0
Loading required package: magick
Linking to ImageMagick 6.9.12.98
Enabled features: fontconfig, freetype, fftw, heic, lcms, pango, raw, webp, x11
Disabled features: cairo, ghostscript, rsvg
Using 16 threads

Attaching package: ‘dplyr’

The following objects are masked from ‘package:stats’:

    filter, lag

The following objects are masked from ‘package:base’:

    intersect, setdiff, setequal, union


Attaching package: ‘bslib’

The following object is masked from ‘package:utils’:

    page


Attaching package: ‘DT’

The following objects are masked from ‘package:shiny’:

    dataTableOutput, renderDataTable

Loading required package: ggplot2

Attaching package: ‘plotly’

The following object is masked from ‘package:ggplot2’:

    last_plot

The following object is masked from ‘package:stats’:

    filter

The following object is masked from ‘package:graphics’:

    layout

Linking to GEOS 3.12.1, GDAL 3.8.4, PROJ 9.4.0; sf_use_s2() is TRUE
── Attaching core tidyverse packages ──────────────────────── tidyverse 2.0.0 ──
✔ forcats   1.0.0     ✔ stringr   1.5.1
✔ lubridate 1.9.4     ✔ tibble    3.3.0
✔ purrr     1.0.4     ✔ tidyr     1.3.1
✔ readr     2.1.5     
── Conflicts ────────────────────────────────────────── tidyverse_conflicts() ──
✖ plotly::filter() masks dplyr::filter(), stats::filter()
✖ dplyr::lag()     masks stats::lag()
ℹ Use the conflicted package (<http://conflicted.r-lib.org/>) to force all conflicts to become errors

Attaching package: ‘igraph’

The following objects are masked from ‘package:lubridate’:

    %--%, union

The following objects are masked from ‘package:purrr’:

    compose, simplify

The following object is masked from ‘package:tidyr’:

    crossing

The following object is masked from ‘package:tibble’:

    as_data_frame

The following object is masked from ‘package:plotly’:

    groups

The following objects are masked from ‘package:dplyr’:

    as_data_frame, groups, union

The following objects are masked from ‘package:future’:

    %->%, %<-%

The following objects are masked from ‘package:stats’:

    decompose, spectrum

The following object is masked from ‘package:base’:

    union


Attaching package: ‘shinyjs’

The following object is masked from ‘package:lubridate’:

    show

The following object is masked from ‘package:future’:

    reset

The following object is masked from ‘package:shiny’:

    runExample

The following objects are masked from ‘package:methods’:

    removeClass, show


Attaching package: ‘colourpicker’

The following objects are masked from ‘package:shinyjs’:

    colourInput, colourPicker, runExample, updateColourInput

The following object is masked from ‘package:shiny’:

    runExample

Configured background processing with 4.000000 cores
DataManager class loaded and assigned to global environment
Fixed background preloader loaded without reactive context dependencies
Loaded module: R/binary_module.R
Loaded module: R/categorical_module.R
Loaded module: R/interval_module.R
Loaded module: R/ordinal_module.R
Loaded module: R/nominal_module.R
Loaded module: R/razon_module.R
Loaded module: R/special_module.R
Warning: Navigation containers expect a collection of `bslib::nav_panel()`/`shiny::tabPanel()`s and/or `bslib::nav_menu()`/`shiny::navbarMenu()`s. Consider using `header` or `footer` if you wish to place content above (or below) every panel's contents.

Listening on http://127.0.0.1:45239
DataManager initialized with 500 MB cache limit
BackgroundPreloader initialized (non-reactive): 106 total tasks (50 data, 28 UI, 28 server)
Starting non-interfering background preloading...
Priority: Loading explorer UI and server modules...
Silent loaded UI module: explorerUI
Silent loaded server module: explorerServer
Loaded basic module: categorical
Loaded basic module: special
Background preloading initiated successfully
Silent loaded UI module: wellnessUI
Silent loaded UI module: governmentUI
Silent loaded UI module: infrastructureUI
Silent loaded UI module: urbanUI
Silent loaded UI module: participationUI
Background: Silently loading explorer data for 2024...
Loading survey data from: data/processed/PER_2024_responses_V4.csv
Q101 column found in dataset
Sample raw district values: 4, 4, 4, 4, 4
Sample raw gender values: 2, 1, 1, 2, 2
Sample raw age values: 3, 1, 3, 4, 1
Sample mapped gender values: Mujer, Hombre, Hombre, Mujer, Mujer
Standardized gender distribution: Hombre = 740, Mujer = 742, Otro = 1
Loading survey data from: data/processed/PAR_2024_responses_V4.csv
Q101 column found in dataset
Sample raw district values: 4, 4, 4, 4, 4
Sample raw gender values: 2, 1, 2, 2, 2
Sample raw age values: 2, 2, 2, 4, 4
Sample mapped gender values: Mujer, Hombre, Mujer, Mujer, Mujer
Standardized gender distribution: Hombre = 725, Mujer = 769, Otro = 2
Background: Completed explorer data for 2024
Silent loaded UI module: economyUI
Silent loaded UI module: culturalUI
Silent loaded UI module: identityUI
Silent loaded UI module: environmentUI
Silent loaded UI module: educationUI
Silent loaded UI module: healthcareUI
Silent loaded UI module: housingUI
Silent loaded UI module: inequalityUI
Silent loaded UI module: accountabilityUI
Silent loaded UI module: representationUI
Silent loaded UI module: expectationsUI
Silent loaded UI module: trustUI
Silent loaded UI module: public_servicesUI
Silent loaded UI module: equipmentUI
Silent loaded UI module: mobilityUI
Silent loaded UI module: transportationUI
Silent loaded UI module: civicUI
Silent loaded UI module: communityUI
Silent loaded server module: wellnessServer
Silent loaded server module: governmentServer
Silent loaded server module: infrastructureServer
Silent loaded server module: urbanServer
Background: Silently loading explorer data for 2023...
Loading survey data from: data/processed/PER_2023_responses_V3.csv
Q101 column found in dataset
Sample raw district values: 3, 3, 3, 3, 3
Sample raw gender values: 1, 1, 1, 2, 1
Sample raw age values: 4, 2, 4, 1, 1
Sample mapped gender values: Hombre, Hombre, Hombre, Mujer, Hombre
Standardized gender distribution: Hombre = 800, Mujer = 722, No especificado = 2
Loading survey data from: data/processed/PAR_2023_responses_V2.csv
Q101 column found in dataset
Sample raw district values: 3, 3, 3, 3, 3
Sample raw gender values: 1, 2, 1, 2, 2
Sample raw age values: 2, 1, 3, 3, 4
Sample mapped gender values: Hombre, Mujer, Hombre, Mujer, Mujer
Standardized gender distribution: Hombre = 731, Mujer = 770, Otro = 5
Background: Completed explorer data for 2023
Silent loaded server module: participationServer
Silent loaded UI module: reportsUI
Silent loaded UI module: methodologyUI
Silent loaded UI module: aboutUI
Silent loaded UI module: dashboard_mapUI
Silent loaded server module: economyServer
Silent loaded server module: culturalServer
Silent loaded server module: identityServer
Silent loaded server module: environmentServer
Silent loaded server module: educationServer
Silent loaded server module: healthcareServer
Silent loaded server module: housingServer
Silent loaded server module: inequalityServer
Silent loaded server module: accountabilityServer
Silent loaded server module: representationServer
Silent loaded server module: expectationsServer
Silent loaded server module: trustServer
Silent loaded server module: public_servicesServer
Background: Silently loaded wellness 2024 (3 items)
Silent loaded server module: equipmentServer
Silent loaded server module: mobilityServer
Transition started: wellness at 2025-06-17 18:06:33.77378
Tab: wellness | Cache: 16.8 MB (0.0% hit, 7 objects)
Slow transition detected: 33.57 seconds to wellness
Silent loaded server module: transportationServer
UI module for wellness already preloaded
Server module for wellness already preloaded
Server initialized: wellness_wellness
Loading maps for infrastructure 2024 from RDS
Loading plots for infrastructure 2024 from RDS
Silent loaded server module: civicServer
Silent loaded server module: communityServer
Transition completed: wellness at 2025-06-17 18:06:34.823157
Background: Silently loaded government 2024 (1 items)
Silent loaded server module: reportsServer
Background: Silently loaded infrastructure 2024 (3 items)
Silent loaded server module: methodologyServer
Silent loaded server module: aboutServer
Silent loaded server module: dashboard_mapServer
Transition started: wellness at 2025-06-17 18:06:40.001385
Tab: wellness | Cache: 28.2 MB (50.0% hit, 11 objects)
UI module for wellness already preloaded
Server module for wellness already preloaded
Transition completed: wellness at 2025-06-17 18:06:41.028427
Background: Silently loaded urban 2024 (2 items)
Background: Silently loaded participation 2024 (3 items)
Background: Silently loaded economic 2024 (3 items)
Background: Silently loaded cultural 2024 (2 items)
Background: Silently loaded identity 2024 (3 items)
Transition started: wellness at 2025-06-17 18:07:12.533356
Tab: wellness | Cache: 29.9 MB (75.0% hit, 24 objects)
Slow transition detected: 28.69 seconds to wellness
UI module for wellness already preloaded
Server module for wellness already preloaded
Transition completed: wellness at 2025-06-17 18:07:13.547058
Background: Silently loaded environment 2024 (3 items)
Background: Silently loaded wellness 2023 (3 items)
Background: Silently loaded government 2023 (1 items)
Background: Silently loaded infrastructure 2023 (3 items)
Background: Silently loaded inequality 2024 (3 items)
Background: Silently loaded urban 2023 (2 items)
Background: Silently loaded accountability 2024 (2 items)
Background: Silently loaded participation 2023 (3 items)
Background: Silently loaded representation 2024 (3 items)
Background: Silently loaded expectations 2024 (3 items)
Skipping trust 2024 (uses data from other sections)
Skipping equipment 2024 (uses data from other sections)
Background: Silently loaded mobility 2024 (1 items)
Background: Silently loaded economic 2023 (3 items)
Background: Silently loaded transportation 2024 (2 items)
Background: Silently loaded cultural 2023 (2 items)
Background: Silently loaded civic 2024 (2 items)
Background: Silently loaded identity 2023 (3 items)
Background: Silently loaded community 2024 (1 items)
Background: Silently loaded environment 2023 (3 items)
Background: Silently loaded inequality 2023 (3 items)
Background: Silently loaded accountability 2023 (2 items)
Background: Silently loaded representation 2023 (3 items)
Background: Silently loaded expectations 2023 (3 items)
Skipping trust 2023 (uses data from other sections)
Skipping equipment 2023 (uses data from other sections)
Background: Silently loaded mobility 2023 (1 items)
Background: Silently loaded transportation 2023 (2 items)
Background: Silently loaded civic 2023 (2 items)
Background: Silently loaded community 2023 (1 items)
Transition started: government at 2025-06-17 18:26:01.480117
Tab: government | Cache: 57.0 MB (83.3% hit, 84 objects)
Slow transition detected: 1128.97 seconds to government
UI module for government already preloaded
Server module for government already preloaded
Server initialized: government_government
Transition started: urban at 2025-06-17 18:26:02.424003
Tab: urban | Cache: 57.0 MB (84.6% hit, 84 objects)
Transition completed: government at 2025-06-17 18:26:02.571475
UI module for urban already preloaded
Server module for urban already preloaded
Server initialized: urban_urban
Transition completed: urban at 2025-06-17 18:26:03.44084
Transition started: mobility at 2025-06-17 18:26:03.891366
Tab: mobility | Cache: 57.0 MB (86.7% hit, 84 objects)
UI module for mobility already preloaded
Server module for mobility already preloaded
Server initialized: urban_mobility
Transition completed: mobility at 2025-06-17 18:26:04.924404
Transition started: transportation at 2025-06-17 18:26:06.593964
Tab: transportation | Cache: 57.0 MB (87.5% hit, 84 objects)
Slow transition detected: 2.70 seconds to transportation
UI module for transportation already preloaded
Server module for transportation already preloaded
Server initialized: urban_transportation
Transition completed: transportation at 2025-06-17 18:26:07.623239
Transition started: wellness at 2025-06-17 18:26:14.195409
Tab: wellness | Cache: 57.0 MB (88.9% hit, 84 objects)
Slow transition detected: 2.70 seconds to wellness
UI module for wellness already preloaded
Server module for wellness already preloaded
Transition completed: wellness at 2025-06-17 18:26:15.216048
Warning in download$func(tmpdata) :
  Map file not found: data/maps/wellness/mapa_migracion_2024.png
Warning in download$func(tmpdata) :
  Map file not found: data/maps/wellness/mapa_estudiantes_2024.png
Transition started: healthcare at 2025-06-17 18:26:33.984315
Tab: healthcare | Cache: 57.0 MB (90.9% hit, 84 objects)
Slow transition detected: 27.39 seconds to healthcare
UI module for healthcare already preloaded
Server module for healthcare already preloaded
Smart preloading for healthcare: infrastructure, education, healthcare
Loading plots for education 2024 from RDS
Warning in doTryCatch(return(expr), name, parentenv, handler) :
  Plot file not found: data/plots/education_2024.rds
Loading plots for healthcare 2024 from RDS
Warning in doTryCatch(return(expr), name, parentenv, handler) :
  Plot file not found: data/plots/healthcare_2024.rds
Server initialized: wellness_healthcare
Transition completed: healthcare at 2025-06-17 18:26:35.093585
Warning in download$func(tmpdata) :
  Map file not found: data/maps/wellness/mapa_serv_salud_General_2024.png
Transition started: participation at 2025-06-17 18:26:38.134173
Tab: participation | Cache: 57.0 MB (80.7% hit, 88 objects)
Slow transition detected: 4.15 seconds to participation
UI module for participation already preloaded
Server module for participation already preloaded
Server initialized: participation_participation
Transition completed: participation at 2025-06-17 18:26:39.152994
Warning in download$func(tmpdata) :
  Map file not found: data/maps/wellness/mapa_voto_2024.png
Warning in download$func(tmpdata) :
  Map file not found: data/maps/wellness/mapa_voto_2024.png
Transition started: community at 2025-06-17 18:27:07.655518
Tab: community | Cache: 57.0 MB (82.3% hit, 88 objects)
Slow transition detected: 29.52 seconds to community
UI module for community already preloaded
Server module for community already preloaded
Server initialized: participation_community
Transition completed: community at 2025-06-17 18:27:08.668327
Transition started: participation at 2025-06-17 18:27:20.570807
Tab: participation | Cache: 57.0 MB (82.9% hit, 88 objects)
UI module for participation already preloaded
Server module for participation already preloaded
Transition completed: participation at 2025-06-17 18:27:21.578364
Transition started: civic at 2025-06-17 18:27:21.779208
Tab: civic | Cache: 57.0 MB (84.2% hit, 88 objects)
Slow transition detected: 14.12 seconds to civic
UI module for civic already preloaded
Server module for civic already preloaded
Server initialized: participation_civic
Transition completed: civic at 2025-06-17 18:27:25.190327
Warning in download$func(tmpdata) :
  Map file not found: data/maps/wellness/mapa_interes_2024.png
Transition started: infrastructure at 2025-06-17 18:27:29.446402
Tab: infrastructure | Cache: 57.0 MB (85.0% hit, 88 objects)
Slow transition detected: 7.67 seconds to infrastructure
UI module for infrastructure already preloaded
Server module for infrastructure already preloaded
Server initialized: infrastructure_infrastructure
Transition completed: infrastructure at 2025-06-17 18:27:30.49525
Warning in download$func(tmpdata) :
  Map file not found: data/maps/wellness/mapa_viviendas_2024.png
Transition started: urban at 2025-06-17 18:27:35.0158
Tab: urban | Cache: 57.0 MB (85.7% hit, 88 objects)
Slow transition detected: 7.67 seconds to urban
UI module for urban already preloaded
Server module for urban already preloaded
Transition started: transportation at 2025-06-17 18:27:35.939369
Tab: transportation | Cache: 57.0 MB (86.4% hit, 88 objects)
Slow transition detected: 7.67 seconds to transportation
Transition completed: urban at 2025-06-17 18:27:36.022655
UI module for transportation already preloaded
Server module for transportation already preloaded
Transition completed: transportation at 2025-06-17 18:27:36.958885
Transition started: urban at 2025-06-17 18:27:42.763988
Tab: urban | Cache: 57.0 MB (87.0% hit, 88 objects)
Slow transition detected: 7.67 seconds to urban
UI module for urban already preloaded
Server module for urban already preloaded
Transition started: mobility at 2025-06-17 18:27:43.429662
Tab: mobility | Cache: 57.0 MB (87.5% hit, 88 objects)
Slow transition detected: 7.67 seconds to mobility
UI module for mobility already preloaded
Server module for mobility already preloaded
Transition completed: urban at 2025-06-17 18:27:43.773881
Transition completed: mobility at 2025-06-17 18:27:44.455253
Slow transition detected: 7.67 seconds to overview
Transition started: infrastructure at 2025-06-17 18:30:04.196288
Tab: infrastructure | Cache: 57.0 MB (87.8% hit, 88 objects)
Slow transition detected: 162.42 seconds to infrastructure
UI module for infrastructure already preloaded
Server module for infrastructure already preloaded
Transition completed: infrastructure at 2025-06-17 18:30:05.203923
Explorer modules already preloaded - instant activation!
Explorer initialized with enhanced preload support
Transition started: explorer at 2025-06-17 18:35:42.078471
Tab: explorer | Cache: 57.0 MB (88.2% hit, 88 objects)
Slow transition detected: 337.88 seconds to explorer
Loading survey data for year: 2024
Attempting to load: PER_2024
Loading survey data from: data/processed/PER_2024_responses_V4.csv
Q101 column found in dataset
Sample raw district values: 4, 4, 4, 4, 4
Sample raw gender values: 2, 1, 1, 2, 2
Sample raw age values: 3, 1, 3, 4, 1
Sample mapped gender values: Mujer, Hombre, Hombre, Mujer, Mujer
Standardized gender distribution: Hombre = 740, Mujer = 742, Otro = 1
Successfully loaded PER_2024 with 1483 responses
Metadata has 195 questions
Attempting to load: PAR_2024
Loading survey data from: data/processed/PAR_2024_responses_V4.csv
Q101 column found in dataset
Sample raw district values: 4, 4, 4, 4, 4
Sample raw gender values: 2, 1, 2, 2, 2
Sample raw age values: 2, 2, 2, 4, 4
Sample mapped gender values: Mujer, Hombre, Mujer, Mujer, Mujer
Standardized gender distribution: Hombre = 725, Mujer = 769, Otro = 2
Successfully loaded PAR_2024 with 1496 responses
Metadata has 338 questions
Total surveys loaded: 2
Raw file data/processed/PER_2023_metadata_classified_V3.csv has columns: X.3, X.2, X.1, X, variable, label, type, has_value_labels, value_labels, X0, X1, X2, X3, X4, X5, X6, X7, X8, X9, X10, X11, X12, X13, X14, X15, X16, X17, X18, X19, X20, X21, X22, X23, X24, X25, X26, X27, X28, X29, X30, X31, X32, X33, X34, scale_type, notes, MainTheme, Subtheme
Successfully loaded PER_2023 metadata from PER_2023_metadata_classified_V3.csv with 192 valid questions
Raw file data/processed/PAR_2023_metadata_classified_V2.csv has columns: X, variable, label, type, has_value_labels, value_labels, X0, X1, X2, X3, X4, X5, X6, X7, X8, X9, X10, X11, X12, X13, X14, X15, X16, X17, X18, X19, X20, X21, X22, X23, X24, X25, X26, X27, X28, X29, X30, X31, X32, X33, X34, scale_type, notes, MainTheme, Subtheme
Successfully loaded PAR_2023 metadata from PAR_2023_metadata_classified_V2.csv with 332 valid questions
Raw file data/processed/PER_2024_metadata_classified_V4.csv has columns: X.5, X.4, X.3, X.2, X.1, X, variable, label, type, has_value_labels, value_labels, X0, X1, X2, X3, X4, X5, X6, X7, X8, X9, X10, X11, X12, X13, X14, X15, X16, X17, X18, X19, X20, X21, X22, X23, X24, X25, X26, X27, X28, X29, X30, X31, X32, X33, X34, scale_type, MainTheme, Subtheme
Successfully loaded PER_2024 metadata from PER_2024_metadata_classified_V4.csv with 195 valid questions
Raw file data/processed/PAR_2024_metadata_classified_V4.csv has columns: X.2, X.1, X, variable, label, type, has_value_labels, value_labels, X0, X1, X2, X3, X4, X5, X6, X7, X8, X9, X10, X11, X12, X13, X14, X15, X16, X17, X18, X19, X20, X21, X22, X23, X24, X25, X26, X27, X28, X29, X30, X31, X32, X33, X34, scale_type, MainTheme, Subtheme, notes
Successfully loaded PAR_2024 metadata from PAR_2024_metadata_classified_V4.csv with 338 valid questions
Total metadata loaded: 1057 questions from 4 surveys
PAR_2023 : 332 questions, 4 themes
PAR_2024 : 338 questions, 4 themes
PER_2023 : 192 questions, 6 themes
PER_2024 : 195 questions, 6 themes
Total themes loaded: 1057
Available surveys: PER_2023, PAR_2023, PER_2024, PAR_2024
Filtered themes for 2024 : 489
Available themes for 2024 : Social & Economic Wellbeing, Public Services, Urban Mobility & Environment, Governance & Civic Engagement, Community Participation
Explorer section accessed
Transition completed: explorer at 2025-06-17 18:35:44.388375
Slow transition detected: 337.88 seconds to overview
Explorer modules already preloaded - instant activation!
Explorer initialized with enhanced preload support
Transition started: explorer at 2025-06-17 18:39:29.898355
Tab: explorer | Cache: 57.0 MB (88.2% hit, 88 objects)
Slow transition detected: 565.71 seconds to explorer
Loading survey data for year: 2024
Attempting to load: PER_2024
Loading survey data from: data/processed/PER_2024_responses_V4.csv
Q101 column found in dataset
Sample raw district values: 4, 4, 4, 4, 4
Sample raw gender values: 2, 1, 1, 2, 2
Sample raw age values: 3, 1, 3, 4, 1
Sample mapped gender values: Mujer, Hombre, Hombre, Mujer, Mujer
Standardized gender distribution: Hombre = 740, Mujer = 742, Otro = 1
Successfully loaded PER_2024 with 1483 responses
Metadata has 195 questions
Attempting to load: PAR_2024
Loading survey data from: data/processed/PAR_2024_responses_V4.csv
Q101 column found in dataset
Sample raw district values: 4, 4, 4, 4, 4
Sample raw gender values: 2, 1, 2, 2, 2
Sample raw age values: 2, 2, 2, 4, 4
Sample mapped gender values: Mujer, Hombre, Mujer, Mujer, Mujer
Standardized gender distribution: Hombre = 725, Mujer = 769, Otro = 2
Successfully loaded PAR_2024 with 1496 responses
Metadata has 338 questions
Total surveys loaded: 2
Raw file data/processed/PER_2023_metadata_classified_V3.csv has columns: X.3, X.2, X.1, X, variable, label, type, has_value_labels, value_labels, X0, X1, X2, X3, X4, X5, X6, X7, X8, X9, X10, X11, X12, X13, X14, X15, X16, X17, X18, X19, X20, X21, X22, X23, X24, X25, X26, X27, X28, X29, X30, X31, X32, X33, X34, scale_type, notes, MainTheme, Subtheme
Successfully loaded PER_2023 metadata from PER_2023_metadata_classified_V3.csv with 192 valid questions
Raw file data/processed/PAR_2023_metadata_classified_V2.csv has columns: X, variable, label, type, has_value_labels, value_labels, X0, X1, X2, X3, X4, X5, X6, X7, X8, X9, X10, X11, X12, X13, X14, X15, X16, X17, X18, X19, X20, X21, X22, X23, X24, X25, X26, X27, X28, X29, X30, X31, X32, X33, X34, scale_type, notes, MainTheme, Subtheme
Successfully loaded PAR_2023 metadata from PAR_2023_metadata_classified_V2.csv with 332 valid questions
Raw file data/processed/PER_2024_metadata_classified_V4.csv has columns: X.5, X.4, X.3, X.2, X.1, X, variable, label, type, has_value_labels, value_labels, X0, X1, X2, X3, X4, X5, X6, X7, X8, X9, X10, X11, X12, X13, X14, X15, X16, X17, X18, X19, X20, X21, X22, X23, X24, X25, X26, X27, X28, X29, X30, X31, X32, X33, X34, scale_type, MainTheme, Subtheme
Successfully loaded PER_2024 metadata from PER_2024_metadata_classified_V4.csv with 195 valid questions
Raw file data/processed/PAR_2024_metadata_classified_V4.csv has columns: X.2, X.1, X, variable, label, type, has_value_labels, value_labels, X0, X1, X2, X3, X4, X5, X6, X7, X8, X9, X10, X11, X12, X13, X14, X15, X16, X17, X18, X19, X20, X21, X22, X23, X24, X25, X26, X27, X28, X29, X30, X31, X32, X33, X34, scale_type, MainTheme, Subtheme, notes
Successfully loaded PAR_2024 metadata from PAR_2024_metadata_classified_V4.csv with 338 valid questions
Total metadata loaded: 1057 questions from 4 surveys
PAR_2023 : 332 questions, 4 themes
PAR_2024 : 338 questions, 4 themes
PER_2023 : 192 questions, 6 themes
PER_2024 : 195 questions, 6 themes
Total themes loaded: 1057
Available surveys: PER_2023, PAR_2023, PER_2024, PAR_2024
Filtered themes for 2024 : 489
Available themes for 2024 : Social & Economic Wellbeing, Public Services, Urban Mobility & Environment, Governance & Civic Engagement, Community Participation
Explorer section accessed
Transition completed: explorer at 2025-06-17 18:39:32.073689
Slow transition detected: 565.71 seconds to overview
Transition started: government at 2025-06-17 18:50:50.517579
Tab: government | Cache: 57.0 MB (88.2% hit, 88 objects)
Slow transition detected: 565.71 seconds to government
UI module for government already preloaded
Server module for government already preloaded
Transition completed: government at 2025-06-17 18:50:51.581646
Slow transition detected: 565.71 seconds to overview
Transition started: infrastructure at 2025-06-17 18:50:53.217337
Tab: infrastructure | Cache: 57.0 MB (88.5% hit, 88 objects)
UI module for infrastructure already preloaded
Server module for infrastructure already preloaded
Transition completed: infrastructure at 2025-06-17 18:50:54.239693
Transition started: wellness at 2025-06-17 19:05:02.398801
Tab: wellness | Cache: 57.0 MB (88.9% hit, 88 objects)
UI module for wellness already preloaded
Server module for wellness already preloaded
Transition completed: wellness at 2025-06-17 19:05:03.457297
Explorer modules already preloaded - instant activation!
Explorer initialized with enhanced preload support
Transition started: explorer at 2025-06-17 19:05:38.547834
Tab: explorer | Cache: 57.0 MB (89.7% hit, 88 objects)
Slow transition detected: 885.34 seconds to explorer
Loading survey data for year: 2024
Attempting to load: PER_2024
Loading survey data from: data/processed/PER_2024_responses_V4.csv
Q101 column found in dataset
Sample raw district values: 4, 4, 4, 4, 4
Sample raw gender values: 2, 1, 1, 2, 2
Sample raw age values: 3, 1, 3, 4, 1
Sample mapped gender values: Mujer, Hombre, Hombre, Mujer, Mujer
Standardized gender distribution: Hombre = 740, Mujer = 742, Otro = 1
Successfully loaded PER_2024 with 1483 responses
Metadata has 195 questions
Attempting to load: PAR_2024
Loading survey data from: data/processed/PAR_2024_responses_V4.csv
Q101 column found in dataset
Sample raw district values: 4, 4, 4, 4, 4
Sample raw gender values: 2, 1, 2, 2, 2
Sample raw age values: 2, 2, 2, 4, 4
Sample mapped gender values: Mujer, Hombre, Mujer, Mujer, Mujer
Standardized gender distribution: Hombre = 725, Mujer = 769, Otro = 2
Successfully loaded PAR_2024 with 1496 responses
Metadata has 338 questions
Total surveys loaded: 2
Raw file data/processed/PER_2023_metadata_classified_V3.csv has columns: X.3, X.2, X.1, X, variable, label, type, has_value_labels, value_labels, X0, X1, X2, X3, X4, X5, X6, X7, X8, X9, X10, X11, X12, X13, X14, X15, X16, X17, X18, X19, X20, X21, X22, X23, X24, X25, X26, X27, X28, X29, X30, X31, X32, X33, X34, scale_type, notes, MainTheme, Subtheme
Successfully loaded PER_2023 metadata from PER_2023_metadata_classified_V3.csv with 192 valid questions
Raw file data/processed/PAR_2023_metadata_classified_V2.csv has columns: X, variable, label, type, has_value_labels, value_labels, X0, X1, X2, X3, X4, X5, X6, X7, X8, X9, X10, X11, X12, X13, X14, X15, X16, X17, X18, X19, X20, X21, X22, X23, X24, X25, X26, X27, X28, X29, X30, X31, X32, X33, X34, scale_type, notes, MainTheme, Subtheme
Successfully loaded PAR_2023 metadata from PAR_2023_metadata_classified_V2.csv with 332 valid questions
Raw file data/processed/PER_2024_metadata_classified_V4.csv has columns: X.5, X.4, X.3, X.2, X.1, X, variable, label, type, has_value_labels, value_labels, X0, X1, X2, X3, X4, X5, X6, X7, X8, X9, X10, X11, X12, X13, X14, X15, X16, X17, X18, X19, X20, X21, X22, X23, X24, X25, X26, X27, X28, X29, X30, X31, X32, X33, X34, scale_type, MainTheme, Subtheme
Successfully loaded PER_2024 metadata from PER_2024_metadata_classified_V4.csv with 195 valid questions
Raw file data/processed/PAR_2024_metadata_classified_V4.csv has columns: X.2, X.1, X, variable, label, type, has_value_labels, value_labels, X0, X1, X2, X3, X4, X5, X6, X7, X8, X9, X10, X11, X12, X13, X14, X15, X16, X17, X18, X19, X20, X21, X22, X23, X24, X25, X26, X27, X28, X29, X30, X31, X32, X33, X34, scale_type, MainTheme, Subtheme, notes
Successfully loaded PAR_2024 metadata from PAR_2024_metadata_classified_V4.csv with 338 valid questions
Total metadata loaded: 1057 questions from 4 surveys
PAR_2023 : 332 questions, 4 themes
PAR_2024 : 338 questions, 4 themes
PER_2023 : 192 questions, 6 themes
PER_2024 : 195 questions, 6 themes
Total themes loaded: 1057
Available surveys: PER_2023, PAR_2023, PER_2024, PAR_2024
Filtered themes for 2024 : 489
Available themes for 2024 : Social & Economic Wellbeing, Public Services, Urban Mobility & Environment, Governance & Civic Engagement, Community Participation
Explorer section accessed
Transition completed: explorer at 2025-06-17 19:05:40.733549
Slow transition detected: 885.34 seconds to overview
Explorer modules already preloaded - instant activation!
Explorer initialized with enhanced preload support
Transition started: explorer at 2025-06-17 19:09:00.147994
Tab: explorer | Cache: 57.0 MB (89.7% hit, 88 objects)
Slow transition detected: 1086.93 seconds to explorer
Loading survey data for year: 2024
Attempting to load: PER_2024
Loading survey data from: data/processed/PER_2024_responses_V4.csv
Q101 column found in dataset
Sample raw district values: 4, 4, 4, 4, 4
Sample raw gender values: 2, 1, 1, 2, 2
Sample raw age values: 3, 1, 3, 4, 1
Sample mapped gender values: Mujer, Hombre, Hombre, Mujer, Mujer
Standardized gender distribution: Hombre = 740, Mujer = 742, Otro = 1
Successfully loaded PER_2024 with 1483 responses
Metadata has 195 questions
Attempting to load: PAR_2024
Loading survey data from: data/processed/PAR_2024_responses_V4.csv
Q101 column found in dataset
Sample raw district values: 4, 4, 4, 4, 4
Sample raw gender values: 2, 1, 2, 2, 2
Sample raw age values: 2, 2, 2, 4, 4
Sample mapped gender values: Mujer, Hombre, Mujer, Mujer, Mujer
Standardized gender distribution: Hombre = 725, Mujer = 769, Otro = 2
Successfully loaded PAR_2024 with 1496 responses
Metadata has 338 questions
Total surveys loaded: 2
Raw file data/processed/PER_2023_metadata_classified_V3.csv has columns: X.3, X.2, X.1, X, variable, label, type, has_value_labels, value_labels, X0, X1, X2, X3, X4, X5, X6, X7, X8, X9, X10, X11, X12, X13, X14, X15, X16, X17, X18, X19, X20, X21, X22, X23, X24, X25, X26, X27, X28, X29, X30, X31, X32, X33, X34, scale_type, notes, MainTheme, Subtheme
Successfully loaded PER_2023 metadata from PER_2023_metadata_classified_V3.csv with 192 valid questions
Raw file data/processed/PAR_2023_metadata_classified_V2.csv has columns: X, variable, label, type, has_value_labels, value_labels, X0, X1, X2, X3, X4, X5, X6, X7, X8, X9, X10, X11, X12, X13, X14, X15, X16, X17, X18, X19, X20, X21, X22, X23, X24, X25, X26, X27, X28, X29, X30, X31, X32, X33, X34, scale_type, notes, MainTheme, Subtheme
Successfully loaded PAR_2023 metadata from PAR_2023_metadata_classified_V2.csv with 332 valid questions
Raw file data/processed/PER_2024_metadata_classified_V4.csv has columns: X.5, X.4, X.3, X.2, X.1, X, variable, label, type, has_value_labels, value_labels, X0, X1, X2, X3, X4, X5, X6, X7, X8, X9, X10, X11, X12, X13, X14, X15, X16, X17, X18, X19, X20, X21, X22, X23, X24, X25, X26, X27, X28, X29, X30, X31, X32, X33, X34, scale_type, MainTheme, Subtheme
Successfully loaded PER_2024 metadata from PER_2024_metadata_classified_V4.csv with 195 valid questions
Raw file data/processed/PAR_2024_metadata_classified_V4.csv has columns: X.2, X.1, X, variable, label, type, has_value_labels, value_labels, X0, X1, X2, X3, X4, X5, X6, X7, X8, X9, X10, X11, X12, X13, X14, X15, X16, X17, X18, X19, X20, X21, X22, X23, X24, X25, X26, X27, X28, X29, X30, X31, X32, X33, X34, scale_type, MainTheme, Subtheme, notes
Successfully loaded PAR_2024 metadata from PAR_2024_metadata_classified_V4.csv with 338 valid questions
Total metadata loaded: 1057 questions from 4 surveys
PAR_2023 : 332 questions, 4 themes
PAR_2024 : 338 questions, 4 themes
PER_2023 : 192 questions, 6 themes
PER_2024 : 195 questions, 6 themes
Total themes loaded: 1057
Available surveys: PER_2023, PAR_2023, PER_2024, PAR_2024
Filtered themes for 2024 : 489
Available themes for 2024 : Social & Economic Wellbeing, Public Services, Urban Mobility & Environment, Governance & Civic Engagement, Community Participation
Explorer section accessed
Transition completed: explorer at 2025-06-17 19:09:02.411245
Slow transition detected: 1086.93 seconds to overview
Explorer modules already preloaded - instant activation!
Explorer initialized with enhanced preload support
Transition started: explorer at 2025-06-17 19:10:18.987055
Tab: explorer | Cache: 57.0 MB (89.7% hit, 88 objects)
Slow transition detected: 1165.77 seconds to explorer
Loading survey data for year: 2024
Attempting to load: PER_2024
Loading survey data from: data/processed/PER_2024_responses_V4.csv
Q101 column found in dataset
Sample raw district values: 4, 4, 4, 4, 4
Sample raw gender values: 2, 1, 1, 2, 2
Sample raw age values: 3, 1, 3, 4, 1
Sample mapped gender values: Mujer, Hombre, Hombre, Mujer, Mujer
Standardized gender distribution: Hombre = 740, Mujer = 742, Otro = 1
Successfully loaded PER_2024 with 1483 responses
Metadata has 195 questions
Attempting to load: PAR_2024
Loading survey data from: data/processed/PAR_2024_responses_V4.csv
Q101 column found in dataset
Sample raw district values: 4, 4, 4, 4, 4
Sample raw gender values: 2, 1, 2, 2, 2
Sample raw age values: 2, 2, 2, 4, 4
Sample mapped gender values: Mujer, Hombre, Mujer, Mujer, Mujer
Standardized gender distribution: Hombre = 725, Mujer = 769, Otro = 2
Successfully loaded PAR_2024 with 1496 responses
Metadata has 338 questions
Total surveys loaded: 2
Raw file data/processed/PER_2023_metadata_classified_V3.csv has columns: X.3, X.2, X.1, X, variable, label, type, has_value_labels, value_labels, X0, X1, X2, X3, X4, X5, X6, X7, X8, X9, X10, X11, X12, X13, X14, X15, X16, X17, X18, X19, X20, X21, X22, X23, X24, X25, X26, X27, X28, X29, X30, X31, X32, X33, X34, scale_type, notes, MainTheme, Subtheme
Successfully loaded PER_2023 metadata from PER_2023_metadata_classified_V3.csv with 192 valid questions
Raw file data/processed/PAR_2023_metadata_classified_V2.csv has columns: X, variable, label, type, has_value_labels, value_labels, X0, X1, X2, X3, X4, X5, X6, X7, X8, X9, X10, X11, X12, X13, X14, X15, X16, X17, X18, X19, X20, X21, X22, X23, X24, X25, X26, X27, X28, X29, X30, X31, X32, X33, X34, scale_type, notes, MainTheme, Subtheme
Successfully loaded PAR_2023 metadata from PAR_2023_metadata_classified_V2.csv with 332 valid questions
Raw file data/processed/PER_2024_metadata_classified_V4.csv has columns: X.5, X.4, X.3, X.2, X.1, X, variable, label, type, has_value_labels, value_labels, X0, X1, X2, X3, X4, X5, X6, X7, X8, X9, X10, X11, X12, X13, X14, X15, X16, X17, X18, X19, X20, X21, X22, X23, X24, X25, X26, X27, X28, X29, X30, X31, X32, X33, X34, scale_type, MainTheme, Subtheme
Successfully loaded PER_2024 metadata from PER_2024_metadata_classified_V4.csv with 195 valid questions
Raw file data/processed/PAR_2024_metadata_classified_V4.csv has columns: X.2, X.1, X, variable, label, type, has_value_labels, value_labels, X0, X1, X2, X3, X4, X5, X6, X7, X8, X9, X10, X11, X12, X13, X14, X15, X16, X17, X18, X19, X20, X21, X22, X23, X24, X25, X26, X27, X28, X29, X30, X31, X32, X33, X34, scale_type, MainTheme, Subtheme, notes
Successfully loaded PAR_2024 metadata from PAR_2024_metadata_classified_V4.csv with 338 valid questions
Total metadata loaded: 1057 questions from 4 surveys
PAR_2023 : 332 questions, 4 themes
PAR_2024 : 338 questions, 4 themes
PER_2023 : 192 questions, 6 themes
PER_2024 : 195 questions, 6 themes
Total themes loaded: 1057
Available surveys: PER_2023, PAR_2023, PER_2024, PAR_2024
Filtered themes for 2024 : 489
Available themes for 2024 : Social & Economic Wellbeing, Public Services, Urban Mobility & Environment, Governance & Civic Engagement, Community Participation
Explorer section accessed
Transition completed: explorer at 2025-06-17 19:10:21.223983
Transition started: wellness at 2025-06-17 19:11:47.704937
Tab: wellness | Cache: 57.0 MB (89.7% hit, 88 objects)
Slow transition detected: 1165.77 seconds to wellness
UI module for wellness already preloaded
Server module for wellness already preloaded
Transition completed: wellness at 2025-06-17 19:11:48.75073

