Fixed background preloader loaded without reactive context dependencies
DataManager class loaded and assigned to global environment
Loading required package: pdftools
Using poppler version 24.02.0
Loading required package: magick
Linking to ImageMagick 6.9.12.98
Enabled features: fontconfig, freetype, fftw, heic, lcms, pango, raw, webp, x11
Disabled features: cairo, ghostscript, rsvg
Using 16 threads

Attaching package: ‘dplyr’

The following objects are masked from ‘package:stats’:

    filter, lag

The following objects are masked from ‘package:base’:

    intersect, setdiff, setequal, union


Attaching package: ‘bslib’

The following object is masked from ‘package:utils’:

    page


Attaching package: ‘DT’

The following objects are masked from ‘package:shiny’:

    dataTableOutput, renderDataTable

Loading required package: ggplot2

Attaching package: ‘plotly’

The following object is masked from ‘package:ggplot2’:

    last_plot

The following object is masked from ‘package:stats’:

    filter

The following object is masked from ‘package:graphics’:

    layout

Linking to GEOS 3.12.1, GDAL 3.8.4, PROJ 9.4.0; sf_use_s2() is TRUE
── Attaching core tidyverse packages ──────────────────────── tidyverse 2.0.0 ──
✔ forcats   1.0.0     ✔ stringr   1.5.1
✔ lubridate 1.9.4     ✔ tibble    3.3.0
✔ purrr     1.0.4     ✔ tidyr     1.3.1
✔ readr     2.1.5     
── Conflicts ────────────────────────────────────────── tidyverse_conflicts() ──
✖ plotly::filter() masks dplyr::filter(), stats::filter()
✖ dplyr::lag()     masks stats::lag()
ℹ Use the conflicted package (<http://conflicted.r-lib.org/>) to force all conflicts to become errors

Attaching package: ‘igraph’

The following objects are masked from ‘package:lubridate’:

    %--%, union

The following objects are masked from ‘package:purrr’:

    compose, simplify

The following object is masked from ‘package:tidyr’:

    crossing

The following object is masked from ‘package:tibble’:

    as_data_frame

The following object is masked from ‘package:plotly’:

    groups

The following objects are masked from ‘package:dplyr’:

    as_data_frame, groups, union

The following objects are masked from ‘package:future’:

    %->%, %<-%

The following objects are masked from ‘package:stats’:

    decompose, spectrum

The following object is masked from ‘package:base’:

    union


Attaching package: ‘shinyjs’

The following object is masked from ‘package:lubridate’:

    show

The following object is masked from ‘package:future’:

    reset

The following object is masked from ‘package:shiny’:

    runExample

The following objects are masked from ‘package:methods’:

    removeClass, show


Attaching package: ‘colourpicker’

The following objects are masked from ‘package:shinyjs’:

    colourInput, colourPicker, runExample, updateColourInput

The following object is masked from ‘package:shiny’:

    runExample

Configured background processing with 4.000000 cores
DataManager class loaded and assigned to global environment
Fixed background preloader loaded without reactive context dependencies
Loaded module: R/binary_module.R
Loaded module: R/categorical_module.R
Loaded module: R/interval_module.R
Loaded module: R/ordinal_module.R
Loaded module: R/nominal_module.R
Loaded module: R/razon_module.R
Loaded module: R/special_module.R
Warning: Navigation containers expect a collection of `bslib::nav_panel()`/`shiny::tabPanel()`s and/or `bslib::nav_menu()`/`shiny::navbarMenu()`s. Consider using `header` or `footer` if you wish to place content above (or below) every panel's contents.

Listening on http://127.0.0.1:40789
DataManager initialized with 500 MB cache limit
BackgroundPreloader initialized (non-reactive): 106 total tasks (50 data, 28 UI, 28 server)
Starting non-interfering background preloading...
Priority: Loading explorer UI and server modules...
Silent loaded UI module: explorerUI
Silent loaded server module: explorerServer
Loaded basic module: categorical
Loaded basic module: special
Background preloading initiated successfully
Transition started: wellness at 2025-06-18 00:09:54.660972
Tab: wellness | Cache: 0.0 MB (0.0% hit, 0 objects)
Loaded module: R/wellness/wellness_ui.R
UI module for wellness already preloaded
Loading server module for wellness
Loaded module: R/wellness/wellness_server.R
Smart preloading for wellness: wellness, economic, cultural, identity, environment
Loading plots for wellness 2024 from RDS
Loading plots for economic 2024 from RDS
Loading maps for economic 2024 from RDS
Loading plots for cultural 2024 from RDS
Loading maps for cultural 2024 from RDS
Warning in doTryCatch(return(expr), name, parentenv, handler) :
  Map file not found: data/plots/map_cultural_2024.rds
Loading plots for identity 2024 from RDS
Loading maps for identity 2024 from RDS
Loading plots for environment 2024 from RDS
Loading maps for environment 2024 from RDS
Server initialized: wellness_wellness
Loading maps for wellness 2024 from RDS
Loading maps for infrastructure 2024 from RDS
Loading plots for infrastructure 2024 from RDS
Transition completed: wellness at 2025-06-18 00:09:56.139077
Silent loaded UI module: governmentUI
Silent loaded UI module: infrastructureUI
Silent loaded UI module: urbanUI
Silent loaded UI module: participationUI
Background: Silently loading explorer data for 2024...
Loading survey data from: data/processed/PER_2024_responses_V4.csv
Q101 column found in dataset
Sample raw district values: 4, 4, 4, 4, 4
Sample raw gender values: 2, 1, 1, 2, 2
Sample raw age values: 3, 1, 3, 4, 1
Sample mapped gender values: Mujer, Hombre, Hombre, Mujer, Mujer
Standardized gender distribution: Hombre = 740, Mujer = 742, Otro = 1
Loading survey data from: data/processed/PAR_2024_responses_V4.csv
Q101 column found in dataset
Sample raw district values: 4, 4, 4, 4, 4
Sample raw gender values: 2, 1, 2, 2, 2
Sample raw age values: 2, 2, 2, 4, 4
Sample mapped gender values: Mujer, Hombre, Mujer, Mujer, Mujer
Standardized gender distribution: Hombre = 725, Mujer = 769, Otro = 2
Background: Completed explorer data for 2024
Transition started: wellness at 2025-06-18 00:09:59.324821
Tab: wellness | Cache: 21.9 MB (5.6% hit, 19 objects)
UI module for wellness already preloaded
Server module for wellness already preloaded
Transition completed: wellness at 2025-06-18 00:10:00.361666
Transition started: healthcare at 2025-06-18 00:10:00.418568
Tab: healthcare | Cache: 21.9 MB (22.7% hit, 19 objects)
Loaded module: R/wellness/healthcare_ui.R
UI module for healthcare already preloaded
Loading server module for healthcare
Loaded module: R/wellness/healthcare_server.R
Smart preloading for healthcare: infrastructure, education, healthcare
Loading plots for education 2024 from RDS
Warning in doTryCatch(return(expr), name, parentenv, handler) :
  Plot file not found: data/plots/education_2024.rds
Loading plots for healthcare 2024 from RDS
Warning in doTryCatch(return(expr), name, parentenv, handler) :
  Plot file not found: data/plots/healthcare_2024.rds
Server initialized: wellness_healthcare
Transition completed: healthcare at 2025-06-18 00:10:01.501466
Silent loaded UI module: economyUI
Silent loaded UI module: culturalUI
Silent loaded UI module: identityUI
Silent loaded UI module: environmentUI
Silent loaded UI module: educationUI
Silent loaded UI module: housingUI
Silent loaded UI module: inequalityUI
Silent loaded UI module: accountabilityUI
Silent loaded UI module: representationUI
Silent loaded UI module: expectationsUI
Silent loaded UI module: trustUI
Silent loaded UI module: public_servicesUI
Silent loaded UI module: equipmentUI
Silent loaded UI module: mobilityUI
Silent loaded UI module: transportationUI
Silent loaded UI module: civicUI
Silent loaded UI module: communityUI
Silent loaded server module: governmentServer
Silent loaded server module: infrastructureServer
Silent loaded server module: urbanServer
Background: Silently loading explorer data for 2023...
Loading survey data from: data/processed/PER_2023_responses_V3.csv
Q101 column found in dataset
Sample raw district values: 3, 3, 3, 3, 3
Sample raw gender values: 1, 1, 1, 2, 1
Sample raw age values: 4, 2, 4, 1, 1
Sample mapped gender values: Hombre, Hombre, Hombre, Mujer, Hombre
Standardized gender distribution: Hombre = 800, Mujer = 722, No especificado = 2
Loading survey data from: data/processed/PAR_2023_responses_V2.csv
Q101 column found in dataset
Sample raw district values: 3, 3, 3, 3, 3
Sample raw gender values: 1, 2, 1, 2, 2
Sample raw age values: 2, 1, 3, 3, 4
Sample mapped gender values: Hombre, Mujer, Hombre, Mujer, Mujer
Standardized gender distribution: Hombre = 731, Mujer = 770, Otro = 5
Background: Completed explorer data for 2023
Silent loaded server module: participationServer
Silent loaded UI module: reportsUI
Silent loaded UI module: methodologyUI
Silent loaded UI module: aboutUI
Silent loaded UI module: dashboard_mapUI
Silent loaded server module: economyServer
Silent loaded server module: culturalServer
Silent loaded server module: identityServer
Silent loaded server module: environmentServer
Silent loaded server module: educationServer
Silent loaded server module: housingServer
Silent loaded server module: inequalityServer
Silent loaded server module: accountabilityServer
Silent loaded server module: representationServer
Silent loaded server module: expectationsServer
Silent loaded server module: trustServer
Silent loaded server module: public_servicesServer
Background: Silently loaded wellness 2024 (3 items)
Silent loaded server module: equipmentServer
Silent loaded server module: mobilityServer
Silent loaded server module: transportationServer
Silent loaded server module: civicServer
Silent loaded server module: communityServer
Explorer modules already preloaded - instant activation!
Explorer initialized with enhanced preload support
Transition started: explorer at 2025-06-18 00:10:27.869203
Tab: explorer | Cache: 30.5 MB (29.0% hit, 26 objects)
Slow transition detected: 27.45 seconds to explorer
Loading survey data for year: 2024
Attempting to load: PER_2024
Loading survey data from: data/processed/PER_2024_responses_V4.csv
Q101 column found in dataset
Sample raw district values: 4, 4, 4, 4, 4
Sample raw gender values: 2, 1, 1, 2, 2
Sample raw age values: 3, 1, 3, 4, 1
Sample mapped gender values: Mujer, Hombre, Hombre, Mujer, Mujer
Standardized gender distribution: Hombre = 740, Mujer = 742, Otro = 1
Successfully loaded PER_2024 with 1483 responses
Metadata has 195 questions
Attempting to load: PAR_2024
Loading survey data from: data/processed/PAR_2024_responses_V4.csv
Q101 column found in dataset
Sample raw district values: 4, 4, 4, 4, 4
Sample raw gender values: 2, 1, 2, 2, 2
Sample raw age values: 2, 2, 2, 4, 4
Sample mapped gender values: Mujer, Hombre, Mujer, Mujer, Mujer
Standardized gender distribution: Hombre = 725, Mujer = 769, Otro = 2
Successfully loaded PAR_2024 with 1496 responses
Metadata has 338 questions
Total surveys loaded: 2
Raw file data/processed/PER_2023_metadata_classified_V3.csv has columns: X.3, X.2, X.1, X, variable, label, type, has_value_labels, value_labels, X0, X1, X2, X3, X4, X5, X6, X7, X8, X9, X10, X11, X12, X13, X14, X15, X16, X17, X18, X19, X20, X21, X22, X23, X24, X25, X26, X27, X28, X29, X30, X31, X32, X33, X34, scale_type, notes, MainTheme, Subtheme
Successfully loaded PER_2023 metadata from PER_2023_metadata_classified_V3.csv with 192 valid questions
Raw file data/processed/PAR_2023_metadata_classified_V2.csv has columns: X, variable, label, type, has_value_labels, value_labels, X0, X1, X2, X3, X4, X5, X6, X7, X8, X9, X10, X11, X12, X13, X14, X15, X16, X17, X18, X19, X20, X21, X22, X23, X24, X25, X26, X27, X28, X29, X30, X31, X32, X33, X34, scale_type, notes, MainTheme, Subtheme
Successfully loaded PAR_2023 metadata from PAR_2023_metadata_classified_V2.csv with 332 valid questions
Raw file data/processed/PER_2024_metadata_classified_V4.csv has columns: X.5, X.4, X.3, X.2, X.1, X, variable, label, type, has_value_labels, value_labels, X0, X1, X2, X3, X4, X5, X6, X7, X8, X9, X10, X11, X12, X13, X14, X15, X16, X17, X18, X19, X20, X21, X22, X23, X24, X25, X26, X27, X28, X29, X30, X31, X32, X33, X34, scale_type, MainTheme, Subtheme
Successfully loaded PER_2024 metadata from PER_2024_metadata_classified_V4.csv with 195 valid questions
Raw file data/processed/PAR_2024_metadata_classified_V4.csv has columns: X.2, X.1, X, variable, label, type, has_value_labels, value_labels, X0, X1, X2, X3, X4, X5, X6, X7, X8, X9, X10, X11, X12, X13, X14, X15, X16, X17, X18, X19, X20, X21, X22, X23, X24, X25, X26, X27, X28, X29, X30, X31, X32, X33, X34, scale_type, MainTheme, Subtheme, notes
Successfully loaded PAR_2024 metadata from PAR_2024_metadata_classified_V4.csv with 338 valid questions
Total metadata loaded: 1057 questions from 4 surveys
PAR_2023 : 332 questions, 4 themes
PAR_2024 : 338 questions, 4 themes
PER_2023 : 192 questions, 6 themes
PER_2024 : 195 questions, 6 themes
Total themes loaded: 1057
Available surveys: PER_2023, PAR_2023, PER_2024, PAR_2024
Filtered themes for 2024 : 489
Available themes for 2024 : Social & Economic Wellbeing, Public Services, Urban Mobility & Environment, Governance & Civic Engagement, Community Participation
Background: Silently loaded government 2024 (1 items)
Explorer section accessed
Silent loaded server module: reportsServer
Background: Silently loaded infrastructure 2024 (3 items)
Silent loaded server module: methodologyServer
Slow transition detected: 27.45 seconds to overview
Transition completed: explorer at 2025-06-18 00:10:30.997344
Silent loaded server module: aboutServer
Silent loaded server module: dashboard_mapServer
Transition started: government at 2025-06-18 00:10:31.846302
Tab: government | Cache: 30.9 MB (29.0% hit, 27 objects)
Slow transition detected: 3.98 seconds to government
UI module for government already preloaded
Server module for government already preloaded
Server initialized: government_government
Transition completed: government at 2025-06-18 00:10:33.009114
Transition started: trust at 2025-06-18 00:10:33.192239
Tab: trust | Cache: 30.9 MB (31.2% hit, 27 objects)
UI module for trust already preloaded
Server module for trust already preloaded
Smart preloading for trust: government, representation, trust
Loading maps for government 2024 from RDS
Warning in doTryCatch(return(expr), name, parentenv, handler) :
  Map file not found: data/plots/map_government_2024.rds
Loading plots for representation 2024 from RDS
Loading maps for representation 2024 from RDS
Loading plots for trust 2024 from RDS
Server initialized: government_trust
Background: Silently loaded urban 2024 (2 items)
Transition started: government at 2025-06-18 00:10:34.634628
Tab: government | Cache: 32.6 MB (29.3% hit, 36 objects)
Transition completed: trust at 2025-06-18 00:10:34.807596
UI module for government already preloaded
Server module for government already preloaded
Transition completed: government at 2025-06-18 00:10:35.643505
Background: Silently loaded participation 2024 (3 items)
Transition started: urban at 2025-06-18 00:10:36.706069
Tab: urban | Cache: 33.0 MB (30.9% hit, 39 objects)
Slow transition detected: 3.52 seconds to urban
UI module for urban already preloaded
Server module for urban already preloaded
Server initialized: urban_urban
Transition completed: urban at 2025-06-18 00:10:37.730321
Background: Silently loaded economic 2024 (3 items)
Background: Silently loaded cultural 2024 (2 items)
Background: Silently loaded identity 2024 (3 items)
Background: Silently loaded environment 2024 (3 items)
Background: Silently loaded wellness 2023 (3 items)
Background: Silently loaded government 2023 (1 items)
Background: Silently loaded infrastructure 2023 (3 items)
Background: Silently loaded inequality 2024 (3 items)
Background: Silently loaded urban 2023 (2 items)
Background: Silently loaded accountability 2024 (2 items)
Background: Silently loaded participation 2023 (3 items)
Background: Silently loaded representation 2024 (3 items)
Background: Silently loaded expectations 2024 (3 items)
Skipping trust 2024 (uses data from other sections)
Skipping equipment 2024 (uses data from other sections)
Background: Silently loaded mobility 2024 (1 items)
Background: Silently loaded economic 2023 (3 items)
Background: Silently loaded transportation 2024 (2 items)
Background: Silently loaded cultural 2023 (2 items)
Background: Silently loaded civic 2024 (2 items)
Background: Silently loaded identity 2023 (3 items)
Background: Silently loaded community 2024 (1 items)
Background: Silently loaded environment 2023 (3 items)
Background: Silently loaded inequality 2023 (3 items)
Background: Silently loaded accountability 2023 (2 items)
Background: Silently loaded representation 2023 (3 items)
Background: Silently loaded expectations 2023 (3 items)
Skipping trust 2023 (uses data from other sections)
Skipping equipment 2023 (uses data from other sections)
Background: Silently loaded mobility 2023 (1 items)
Background: Silently loaded transportation 2023 (2 items)
Background: Silently loaded civic 2023 (2 items)
Background: Silently loaded community 2023 (1 items)
