Loading required package: pdftools
Using poppler version 24.02.0
Loading required package: magick
Linking to ImageMagick 6.9.12.98
Enabled features: fontconfig, freetype, fftw, heic, lcms, pango, raw, webp, x11
Disabled features: cairo, ghostscript, rsvg
Using 16 threads

Attaching package: ‘dplyr’

The following objects are masked from ‘package:stats’:

    filter, lag

The following objects are masked from ‘package:base’:

    intersect, setdiff, setequal, union


Attaching package: ‘bslib’

The following object is masked from ‘package:utils’:

    page


Attaching package: ‘DT’

The following objects are masked from ‘package:shiny’:

    dataTableOutput, renderDataTable

Loading required package: ggplot2

Attaching package: ‘plotly’

The following object is masked from ‘package:ggplot2’:

    last_plot

The following object is masked from ‘package:stats’:

    filter

The following object is masked from ‘package:graphics’:

    layout

Linking to GEOS 3.12.1, GDAL 3.8.4, PROJ 9.4.0; sf_use_s2() is TRUE
── Attaching core tidyverse packages ──────────────────────── tidyverse 2.0.0 ──
✔ forcats   1.0.0     ✔ stringr   1.5.1
✔ lubridate 1.9.4     ✔ tibble    3.3.0
✔ purrr     1.0.4     ✔ tidyr     1.3.1
✔ readr     2.1.5     
── Conflicts ────────────────────────────────────────── tidyverse_conflicts() ──
✖ plotly::filter() masks dplyr::filter(), stats::filter()
✖ dplyr::lag()     masks stats::lag()
ℹ Use the conflicted package (<http://conflicted.r-lib.org/>) to force all conflicts to become errors

Attaching package: ‘igraph’

The following objects are masked from ‘package:lubridate’:

    %--%, union

The following objects are masked from ‘package:purrr’:

    compose, simplify

The following object is masked from ‘package:tidyr’:

    crossing

The following object is masked from ‘package:tibble’:

    as_data_frame

The following object is masked from ‘package:plotly’:

    groups

The following objects are masked from ‘package:dplyr’:

    as_data_frame, groups, union

The following objects are masked from ‘package:future’:

    %->%, %<-%

The following objects are masked from ‘package:stats’:

    decompose, spectrum

The following object is masked from ‘package:base’:

    union


Attaching package: ‘shinyjs’

The following object is masked from ‘package:lubridate’:

    show

The following object is masked from ‘package:future’:

    reset

The following object is masked from ‘package:shiny’:

    runExample

The following objects are masked from ‘package:methods’:

    removeClass, show


Attaching package: ‘colourpicker’

The following objects are masked from ‘package:shinyjs’:

    colourInput, colourPicker, runExample, updateColourInput

The following object is masked from ‘package:shiny’:

    runExample

Configured background processing with 4.000000 cores
Loaded module: R/binary_module.R
Loaded module: R/categorical_module.R
Loaded module: R/interval_module.R
Loaded module: R/ordinal_module.R
Loaded module: R/nominal_module.R
Loaded module: R/razon_module.R
Loaded module: R/special_module.R
Warning: Navigation containers expect a collection of `bslib::nav_panel()`/`shiny::tabPanel()`s and/or `bslib::nav_menu()`/`shiny::navbarMenu()`s. Consider using `header` or `footer` if you wish to place content above (or below) every panel's contents.

Listening on http://127.0.0.1:34107
DataManager initialized with 500 MB cache limit
BackgroundPreloader initialized: 104 total tasks (48 data, 28 UI, 28 server)
Starting enhanced background preloading...
Priority: Loading explorer UI and server modules...
Loaded UI module: explorerUI
Loaded server module: explorerServer
Loaded basic module: categorical
Loaded basic module: special
Enhanced background preloading initiated
Explorer modules already preloaded - instant activation!
Explorer initialized with enhanced preload support
Explorer tab activated - should be handled by special observer
Tab: explorer | Cache: 0.0/500 MB (0.0% hit, 0 objects) | Preloader: running
  Preloader breakdown: data_progress=0/48, ui_progress=0/28, server_progress=0/28
  Current task: Starting background tasks (0/104 total)
Background preloading in progress: 0.0% complete
Explorer UI already preloaded
Loading survey data for year: 2024
Attempting to load: PER_2024
Loading survey data from: data/processed/PER_2024_responses_V4.csv
Q101 column found in dataset
Sample raw district values: 4, 4, 4, 4, 4
Sample raw gender values: 2, 1, 1, 2, 2
Sample raw age values: 3, 1, 3, 4, 1
Sample mapped gender values: Mujer, Hombre, Hombre, Mujer, Mujer
Standardized gender distribution: Hombre = 740, Mujer = 742, Otro = 1
Successfully loaded PER_2024 with 1483 responses
Metadata has 195 questions
Attempting to load: PAR_2024
Loading survey data from: data/processed/PAR_2024_responses_V4.csv
Q101 column found in dataset
Sample raw district values: 4, 4, 4, 4, 4
Sample raw gender values: 2, 1, 2, 2, 2
Sample raw age values: 2, 2, 2, 4, 4
Sample mapped gender values: Mujer, Hombre, Mujer, Mujer, Mujer
Standardized gender distribution: Hombre = 725, Mujer = 769, Otro = 2
Successfully loaded PAR_2024 with 1496 responses
Metadata has 338 questions
Total surveys loaded: 2
Raw file data/processed/PER_2023_metadata_classified_V3.csv has columns: X.3, X.2, X.1, X, variable, label, type, has_value_labels, value_labels, X0, X1, X2, X3, X4, X5, X6, X7, X8, X9, X10, X11, X12, X13, X14, X15, X16, X17, X18, X19, X20, X21, X22, X23, X24, X25, X26, X27, X28, X29, X30, X31, X32, X33, X34, scale_type, notes, MainTheme, Subtheme
Successfully loaded PER_2023 metadata from PER_2023_metadata_classified_V3.csv with 192 valid questions
Raw file data/processed/PAR_2023_metadata_classified_V2.csv has columns: X, variable, label, type, has_value_labels, value_labels, X0, X1, X2, X3, X4, X5, X6, X7, X8, X9, X10, X11, X12, X13, X14, X15, X16, X17, X18, X19, X20, X21, X22, X23, X24, X25, X26, X27, X28, X29, X30, X31, X32, X33, X34, scale_type, notes, MainTheme, Subtheme
Successfully loaded PAR_2023 metadata from PAR_2023_metadata_classified_V2.csv with 332 valid questions
Raw file data/processed/PER_2024_metadata_classified_V4.csv has columns: X.5, X.4, X.3, X.2, X.1, X, variable, label, type, has_value_labels, value_labels, X0, X1, X2, X3, X4, X5, X6, X7, X8, X9, X10, X11, X12, X13, X14, X15, X16, X17, X18, X19, X20, X21, X22, X23, X24, X25, X26, X27, X28, X29, X30, X31, X32, X33, X34, scale_type, MainTheme, Subtheme
Successfully loaded PER_2024 metadata from PER_2024_metadata_classified_V4.csv with 195 valid questions
Raw file data/processed/PAR_2024_metadata_classified_V4.csv has columns: X.2, X.1, X, variable, label, type, has_value_labels, value_labels, X0, X1, X2, X3, X4, X5, X6, X7, X8, X9, X10, X11, X12, X13, X14, X15, X16, X17, X18, X19, X20, X21, X22, X23, X24, X25, X26, X27, X28, X29, X30, X31, X32, X33, X34, scale_type, MainTheme, Subtheme, notes
Successfully loaded PAR_2024 metadata from PAR_2024_metadata_classified_V4.csv with 338 valid questions
Total metadata loaded: 1057 questions from 4 surveys
PAR_2023 : 332 questions, 4 themes
PAR_2024 : 338 questions, 4 themes
PER_2023 : 192 questions, 6 themes
PER_2024 : 195 questions, 6 themes
Total themes loaded: 1057
Available surveys: PER_2023, PAR_2023, PER_2024, PAR_2024
Filtered themes for 2024 : 489
Available themes for 2024 : Social & Economic Wellbeing, Public Services, Urban Mobility & Environment, Governance & Civic Engagement, Community Participation
Loaded UI module: wellnessUI
Loaded UI module: governmentUI
Loaded UI module: infrastructureUI
Background: Loading explorer data for 2024...
Loading survey data from: data/processed/PER_2024_responses_V4.csv
Q101 column found in dataset
Sample raw district values: 4, 4, 4, 4, 4
Sample raw gender values: 2, 1, 1, 2, 2
Sample raw age values: 3, 1, 3, 4, 1
Sample mapped gender values: Mujer, Hombre, Hombre, Mujer, Mujer
Standardized gender distribution: Hombre = 740, Mujer = 742, Otro = 1
Loading survey data from: data/processed/PAR_2024_responses_V4.csv
Q101 column found in dataset
Sample raw district values: 4, 4, 4, 4, 4
Sample raw gender values: 2, 1, 2, 2, 2
Sample raw age values: 2, 2, 2, 4, 4
Sample mapped gender values: Mujer, Hombre, Mujer, Mujer, Mujer
Standardized gender distribution: Hombre = 725, Mujer = 769, Otro = 2
Background: Completed explorer data for 2024
Loaded UI module: urbanUI
Loaded UI module: participationUI
Loaded UI module: economyUI
Loaded UI module: culturalUI
Loaded UI module: identityUI
Loaded UI module: environmentUI
Loaded UI module: educationUI
Loaded UI module: healthcareUI
Loaded UI module: inequalityUI
Loaded UI module: accountabilityUI
Loaded UI module: representationUI
Loaded UI module: expectationsUI
Loaded UI module: trustUI
Loaded UI module: public_servicesUI
Loaded server module: wellnessServer
Loaded UI module: equipmentUI
Loaded server module: governmentServer
Loaded UI module: housingUI
Loaded server module: infrastructureServer
Loaded UI module: mobilityUI
Loaded server module: urbanServer
Loaded UI module: transportationUI
Loaded server module: participationServer
Loaded UI module: civicUI
Loaded UI module: communityUI
Background: Loading explorer data for 2023...
Loading survey data from: data/processed/PER_2023_responses_V3.csv
Q101 column found in dataset
Sample raw district values: 3, 3, 3, 3, 3
Sample raw gender values: 1, 1, 1, 2, 1
Sample raw age values: 4, 2, 4, 1, 1
Sample mapped gender values: Hombre, Hombre, Hombre, Mujer, Hombre
Standardized gender distribution: Hombre = 800, Mujer = 722, No especificado = 2
Loading survey data from: data/processed/PAR_2023_responses_V2.csv
Q101 column found in dataset
Sample raw district values: 3, 3, 3, 3, 3
Sample raw gender values: 1, 2, 1, 2, 2
Sample raw age values: 2, 1, 3, 3, 4
Sample mapped gender values: Hombre, Mujer, Hombre, Mujer, Mujer
Standardized gender distribution: Hombre = 731, Mujer = 770, Otro = 5
Background: Completed explorer data for 2023
Loaded server module: economyServer
Loaded server module: culturalServer
Explorer modules already preloaded - instant activation!
Explorer initialized with enhanced preload support
Explorer tab activated - should be handled by special observer
Tab: explorer | Cache: 16.3/500 MB (0.0% hit, 4 objects) | Preloader: running
  Preloader breakdown: data_progress=2/48, ui_progress=23/28, server_progress=6/28
  Current task: Loaded server: economic (31/104 total)
Background preloading in progress: 29.8% complete
Loading survey data for year: 2024
Attempting to load: PER_2024
Loading survey data from: data/processed/PER_2024_responses_V4.csv
Q101 column found in dataset
Sample raw district values: 4, 4, 4, 4, 4
Sample raw gender values: 2, 1, 1, 2, 2
Sample raw age values: 3, 1, 3, 4, 1
Sample mapped gender values: Mujer, Hombre, Hombre, Mujer, Mujer
Standardized gender distribution: Hombre = 740, Mujer = 742, Otro = 1
Successfully loaded PER_2024 with 1483 responses
Metadata has 195 questions
Attempting to load: PAR_2024
Loading survey data from: data/processed/PAR_2024_responses_V4.csv
Q101 column found in dataset
Sample raw district values: 4, 4, 4, 4, 4
Sample raw gender values: 2, 1, 2, 2, 2
Sample raw age values: 2, 2, 2, 4, 4
Sample mapped gender values: Mujer, Hombre, Mujer, Mujer, Mujer
Standardized gender distribution: Hombre = 725, Mujer = 769, Otro = 2
Successfully loaded PAR_2024 with 1496 responses
Metadata has 338 questions
Total surveys loaded: 2
Raw file data/processed/PER_2023_metadata_classified_V3.csv has columns: X.3, X.2, X.1, X, variable, label, type, has_value_labels, value_labels, X0, X1, X2, X3, X4, X5, X6, X7, X8, X9, X10, X11, X12, X13, X14, X15, X16, X17, X18, X19, X20, X21, X22, X23, X24, X25, X26, X27, X28, X29, X30, X31, X32, X33, X34, scale_type, notes, MainTheme, Subtheme
Successfully loaded PER_2023 metadata from PER_2023_metadata_classified_V3.csv with 192 valid questions
Raw file data/processed/PAR_2023_metadata_classified_V2.csv has columns: X, variable, label, type, has_value_labels, value_labels, X0, X1, X2, X3, X4, X5, X6, X7, X8, X9, X10, X11, X12, X13, X14, X15, X16, X17, X18, X19, X20, X21, X22, X23, X24, X25, X26, X27, X28, X29, X30, X31, X32, X33, X34, scale_type, notes, MainTheme, Subtheme
Successfully loaded PAR_2023 metadata from PAR_2023_metadata_classified_V2.csv with 332 valid questions
Raw file data/processed/PER_2024_metadata_classified_V4.csv has columns: X.5, X.4, X.3, X.2, X.1, X, variable, label, type, has_value_labels, value_labels, X0, X1, X2, X3, X4, X5, X6, X7, X8, X9, X10, X11, X12, X13, X14, X15, X16, X17, X18, X19, X20, X21, X22, X23, X24, X25, X26, X27, X28, X29, X30, X31, X32, X33, X34, scale_type, MainTheme, Subtheme
Successfully loaded PER_2024 metadata from PER_2024_metadata_classified_V4.csv with 195 valid questions
Raw file data/processed/PAR_2024_metadata_classified_V4.csv has columns: X.2, X.1, X, variable, label, type, has_value_labels, value_labels, X0, X1, X2, X3, X4, X5, X6, X7, X8, X9, X10, X11, X12, X13, X14, X15, X16, X17, X18, X19, X20, X21, X22, X23, X24, X25, X26, X27, X28, X29, X30, X31, X32, X33, X34, scale_type, MainTheme, Subtheme, notes
Successfully loaded PAR_2024 metadata from PAR_2024_metadata_classified_V4.csv with 338 valid questions
Total metadata loaded: 1057 questions from 4 surveys
PAR_2023 : 332 questions, 4 themes
PAR_2024 : 338 questions, 4 themes
PER_2023 : 192 questions, 6 themes
PER_2024 : 195 questions, 6 themes
Total themes loaded: 1057
Available surveys: PER_2023, PAR_2023, PER_2024, PAR_2024
Filtered themes for 2024 : 489
Available themes for 2024 : Social & Economic Wellbeing, Public Services, Urban Mobility & Environment, Governance & Civic Engagement, Community Participation
Loaded UI module: reportsUI
Loaded server module: identityServer
Loaded UI module: methodologyUI
Loaded server module: environmentServer
Loaded UI module: aboutUI
Loaded server module: educationServer
DataManager initialized with 500 MB cache limit
BackgroundPreloader initialized: 104 total tasks (48 data, 28 UI, 28 server)
Starting enhanced background preloading...
Priority: Loading explorer UI and server modules...
UI module explorerUI already exists
Server module explorerServer already exists
Loaded basic module: categorical
Loaded basic module: special
Enhanced background preloading initiated
Loaded UI module: dashboard_mapUI
Loaded server module: healthcareServer
Loaded server module: inequalityServer
Background: Loaded wellness 2024 (3 items)
Loaded server module: accountabilityServer
Loaded server module: representationServer
Explorer modules already preloaded - instant activation!
Explorer initialized with enhanced preload support
Explorer tab activated - should be handled by special observer
Tab: explorer | Cache: 16.8/500 MB (0.0% hit, 7 objects) | Preloader: running
  Preloader breakdown: data_progress=0/48, ui_progress=0/28, server_progress=0/28
  Current task: Starting background tasks (0/104 total)
Background preloading in progress: 0.0% complete
Explorer UI already preloaded
Loading survey data for year: 2024
Attempting to load: PER_2024
Loading survey data from: data/processed/PER_2024_responses_V4.csv
Q101 column found in dataset
Sample raw district values: 4, 4, 4, 4, 4
Sample raw gender values: 2, 1, 1, 2, 2
Sample raw age values: 3, 1, 3, 4, 1
Sample mapped gender values: Mujer, Hombre, Hombre, Mujer, Mujer
Standardized gender distribution: Hombre = 740, Mujer = 742, Otro = 1
Successfully loaded PER_2024 with 1483 responses
Metadata has 195 questions
Attempting to load: PAR_2024
Loading survey data from: data/processed/PAR_2024_responses_V4.csv
Q101 column found in dataset
Sample raw district values: 4, 4, 4, 4, 4
Sample raw gender values: 2, 1, 2, 2, 2
Sample raw age values: 2, 2, 2, 4, 4
Sample mapped gender values: Mujer, Hombre, Mujer, Mujer, Mujer
Standardized gender distribution: Hombre = 725, Mujer = 769, Otro = 2
Successfully loaded PAR_2024 with 1496 responses
Metadata has 338 questions
Total surveys loaded: 2
Raw file data/processed/PER_2023_metadata_classified_V3.csv has columns: X.3, X.2, X.1, X, variable, label, type, has_value_labels, value_labels, X0, X1, X2, X3, X4, X5, X6, X7, X8, X9, X10, X11, X12, X13, X14, X15, X16, X17, X18, X19, X20, X21, X22, X23, X24, X25, X26, X27, X28, X29, X30, X31, X32, X33, X34, scale_type, notes, MainTheme, Subtheme
Successfully loaded PER_2023 metadata from PER_2023_metadata_classified_V3.csv with 192 valid questions
Raw file data/processed/PAR_2023_metadata_classified_V2.csv has columns: X, variable, label, type, has_value_labels, value_labels, X0, X1, X2, X3, X4, X5, X6, X7, X8, X9, X10, X11, X12, X13, X14, X15, X16, X17, X18, X19, X20, X21, X22, X23, X24, X25, X26, X27, X28, X29, X30, X31, X32, X33, X34, scale_type, notes, MainTheme, Subtheme
Successfully loaded PAR_2023 metadata from PAR_2023_metadata_classified_V2.csv with 332 valid questions
Raw file data/processed/PER_2024_metadata_classified_V4.csv has columns: X.5, X.4, X.3, X.2, X.1, X, variable, label, type, has_value_labels, value_labels, X0, X1, X2, X3, X4, X5, X6, X7, X8, X9, X10, X11, X12, X13, X14, X15, X16, X17, X18, X19, X20, X21, X22, X23, X24, X25, X26, X27, X28, X29, X30, X31, X32, X33, X34, scale_type, MainTheme, Subtheme
Successfully loaded PER_2024 metadata from PER_2024_metadata_classified_V4.csv with 195 valid questions
Raw file data/processed/PAR_2024_metadata_classified_V4.csv has columns: X.2, X.1, X, variable, label, type, has_value_labels, value_labels, X0, X1, X2, X3, X4, X5, X6, X7, X8, X9, X10, X11, X12, X13, X14, X15, X16, X17, X18, X19, X20, X21, X22, X23, X24, X25, X26, X27, X28, X29, X30, X31, X32, X33, X34, scale_type, MainTheme, Subtheme, notes
Successfully loaded PAR_2024 metadata from PAR_2024_metadata_classified_V4.csv with 338 valid questions
Total metadata loaded: 1057 questions from 4 surveys
PAR_2023 : 332 questions, 4 themes
PAR_2024 : 338 questions, 4 themes
PER_2023 : 192 questions, 6 themes
PER_2024 : 195 questions, 6 themes
Total themes loaded: 1057
Available surveys: PER_2023, PAR_2023, PER_2024, PAR_2024
Filtered themes for 2024 : 489
Available themes for 2024 : Social & Economic Wellbeing, Public Services, Urban Mobility & Environment, Governance & Civic Engagement, Community Participation
Loaded server module: expectationsServer
UI module wellnessUI already exists
Loaded server module: trustServer
UI module governmentUI already exists
Background: Loaded government 2024 (1 items)
Loaded server module: public_servicesServer
UI module infrastructureUI already exists
Background: Loading explorer data for 2024...
Loading survey data from: data/processed/PER_2024_responses_V4.csv
Q101 column found in dataset
Sample raw district values: 4, 4, 4, 4, 4
Sample raw gender values: 2, 1, 1, 2, 2
Sample raw age values: 3, 1, 3, 4, 1
Sample mapped gender values: Mujer, Hombre, Hombre, Mujer, Mujer
Standardized gender distribution: Hombre = 740, Mujer = 742, Otro = 1
Loading survey data from: data/processed/PAR_2024_responses_V4.csv
Q101 column found in dataset
Sample raw district values: 4, 4, 4, 4, 4
Sample raw gender values: 2, 1, 2, 2, 2
Sample raw age values: 2, 2, 2, 4, 4
Sample mapped gender values: Mujer, Hombre, Mujer, Mujer, Mujer
Standardized gender distribution: Hombre = 725, Mujer = 769, Otro = 2
Background: Completed explorer data for 2024
Loaded server module: equipmentServer
UI module urbanUI already exists
Loaded server module: housingServer
UI module participationUI already exists
Loaded server module: mobilityServer
Background: Loaded infrastructure 2024 (3 items)
Loaded server module: transportationServer
Loaded server module: civicServer
Explorer modules already preloaded - instant activation!
Explorer initialized with enhanced preload support
Explorer tab activated - should be handled by special observer
Tab: explorer | Cache: 28.2/500 MB (0.0% hit, 11 objects) | Preloader: running
  Preloader breakdown: data_progress=1/48, ui_progress=5/28, server_progress=0/28
  Current task: Loaded UI: participation (6/104 total)
Background preloading in progress: 5.8% complete
Loading survey data for year: 2024
Attempting to load: PER_2024
Loading survey data from: data/processed/PER_2024_responses_V4.csv
Q101 column found in dataset
Sample raw district values: 4, 4, 4, 4, 4
Sample raw gender values: 2, 1, 1, 2, 2
Sample raw age values: 3, 1, 3, 4, 1
Sample mapped gender values: Mujer, Hombre, Hombre, Mujer, Mujer
Standardized gender distribution: Hombre = 740, Mujer = 742, Otro = 1
Successfully loaded PER_2024 with 1483 responses
Metadata has 195 questions
Attempting to load: PAR_2024
Loading survey data from: data/processed/PAR_2024_responses_V4.csv
Q101 column found in dataset
Sample raw district values: 4, 4, 4, 4, 4
Sample raw gender values: 2, 1, 2, 2, 2
Sample raw age values: 2, 2, 2, 4, 4
Sample mapped gender values: Mujer, Hombre, Mujer, Mujer, Mujer
Standardized gender distribution: Hombre = 725, Mujer = 769, Otro = 2
Successfully loaded PAR_2024 with 1496 responses
Metadata has 338 questions
Total surveys loaded: 2
Raw file data/processed/PER_2023_metadata_classified_V3.csv has columns: X.3, X.2, X.1, X, variable, label, type, has_value_labels, value_labels, X0, X1, X2, X3, X4, X5, X6, X7, X8, X9, X10, X11, X12, X13, X14, X15, X16, X17, X18, X19, X20, X21, X22, X23, X24, X25, X26, X27, X28, X29, X30, X31, X32, X33, X34, scale_type, notes, MainTheme, Subtheme
Successfully loaded PER_2023 metadata from PER_2023_metadata_classified_V3.csv with 192 valid questions
Raw file data/processed/PAR_2023_metadata_classified_V2.csv has columns: X, variable, label, type, has_value_labels, value_labels, X0, X1, X2, X3, X4, X5, X6, X7, X8, X9, X10, X11, X12, X13, X14, X15, X16, X17, X18, X19, X20, X21, X22, X23, X24, X25, X26, X27, X28, X29, X30, X31, X32, X33, X34, scale_type, notes, MainTheme, Subtheme
Successfully loaded PAR_2023 metadata from PAR_2023_metadata_classified_V2.csv with 332 valid questions
Raw file data/processed/PER_2024_metadata_classified_V4.csv has columns: X.5, X.4, X.3, X.2, X.1, X, variable, label, type, has_value_labels, value_labels, X0, X1, X2, X3, X4, X5, X6, X7, X8, X9, X10, X11, X12, X13, X14, X15, X16, X17, X18, X19, X20, X21, X22, X23, X24, X25, X26, X27, X28, X29, X30, X31, X32, X33, X34, scale_type, MainTheme, Subtheme
Successfully loaded PER_2024 metadata from PER_2024_metadata_classified_V4.csv with 195 valid questions
Raw file data/processed/PAR_2024_metadata_classified_V4.csv has columns: X.2, X.1, X, variable, label, type, has_value_labels, value_labels, X0, X1, X2, X3, X4, X5, X6, X7, X8, X9, X10, X11, X12, X13, X14, X15, X16, X17, X18, X19, X20, X21, X22, X23, X24, X25, X26, X27, X28, X29, X30, X31, X32, X33, X34, scale_type, MainTheme, Subtheme, notes
Successfully loaded PAR_2024 metadata from PAR_2024_metadata_classified_V4.csv with 338 valid questions
Total metadata loaded: 1057 questions from 4 surveys
PAR_2023 : 332 questions, 4 themes
PAR_2024 : 338 questions, 4 themes
PER_2023 : 192 questions, 6 themes
PER_2024 : 195 questions, 6 themes
Total themes loaded: 1057
Available surveys: PER_2023, PAR_2023, PER_2024, PAR_2024
Filtered themes for 2024 : 489
Available themes for 2024 : Social & Economic Wellbeing, Public Services, Urban Mobility & Environment, Governance & Civic Engagement, Community Participation
Loaded server module: communityServer
UI module economyUI already exists
Background: Loaded urban 2024 (2 items)
UI module culturalUI already exists
UI module identityUI already exists
UI module environmentUI already exists
Loaded server module: reportsServer
UI module educationUI already exists
Background: Loaded participation 2024 (3 items)
Loaded server module: methodologyServer
UI module healthcareUI already exists
Loaded server module: aboutServer
UI module inequalityUI already exists
Loaded server module: dashboard_mapServer
UI module accountabilityUI already exists
UI module representationUI already exists
UI module expectationsUI already exists
UI module trustUI already exists
Loaded UI module: public_servicesUI
Server module wellnessServer already exists
UI module equipmentUI already exists
Server module governmentServer already exists
UI module housingUI already exists
Server module infrastructureServer already exists
UI module mobilityUI already exists
Server module urbanServer already exists
UI module transportationUI already exists
Server module participationServer already exists
UI module civicUI already exists
UI module communityUI already exists
Background: Loading explorer data for 2023...
Loading survey data from: data/processed/PER_2023_responses_V3.csv
Q101 column found in dataset
Sample raw district values: 3, 3, 3, 3, 3
Sample raw gender values: 1, 1, 1, 2, 1
Sample raw age values: 4, 2, 4, 1, 1
Sample mapped gender values: Hombre, Hombre, Hombre, Mujer, Hombre
Standardized gender distribution: Hombre = 800, Mujer = 722, No especificado = 2
Loading survey data from: data/processed/PAR_2023_responses_V2.csv
Q101 column found in dataset
Sample raw district values: 3, 3, 3, 3, 3
Sample raw gender values: 1, 2, 1, 2, 2
Sample raw age values: 2, 1, 3, 3, 4
Sample mapped gender values: Hombre, Mujer, Hombre, Mujer, Mujer
Standardized gender distribution: Hombre = 731, Mujer = 770, Otro = 5
Background: Completed explorer data for 2023
Server module economyServer already exists
Server module culturalServer already exists
UI module reportsUI already exists
Server module identityServer already exists
UI module methodologyUI already exists
Server module environmentServer already exists
UI module aboutUI already exists
Server module educationServer already exists
Loaded UI module: dashboard_mapUI
Server module healthcareServer already exists
Server module inequalityServer already exists
Background: Loaded wellness 2024 (3 items)
Server module accountabilityServer already exists
Server module representationServer already exists
Background: Loaded economic 2024 (3 items)
Server module expectationsServer already exists
Server module trustServer already exists
Background: Loaded government 2024 (1 items)
Loaded server module: public_servicesServer
Server module equipmentServer already exists
Background: Loaded cultural 2024 (2 items)
Server module housingServer already exists
Server module mobilityServer already exists
Background: Loaded infrastructure 2024 (3 items)
Server module transportationServer already exists
Server module civicServer already exists
Background: Loaded identity 2024 (3 items)
Server module communityServer already exists
Background: Loaded urban 2024 (2 items)
Background: Loaded environment 2024 (3 items)
Server module reportsServer already exists
Background: Loaded participation 2024 (3 items)
Server module methodologyServer already exists
Server module aboutServer already exists
Loaded server module: dashboard_mapServer
Background: Loaded wellness 2023 (3 items)
Background: Loaded government 2023 (1 items)
Background: Loaded inequality 2024 (3 items)
Background: Loaded infrastructure 2023 (3 items)
Background: Loaded accountability 2024 (2 items)
Background: Loaded urban 2023 (2 items)
Background: Loaded representation 2024 (3 items)
Background: Loaded participation 2023 (3 items)
Background: Loaded expectations 2024 (3 items)
Background: Loaded economic 2024 (3 items)
Skipping trust 2024 (uses data from other sections)
Background: Loaded cultural 2024 (2 items)
Background: Loaded identity 2024 (3 items)
Skipping equipment 2024 (uses data from other sections)
Background: Loaded environment 2024 (3 items)
Background: Loaded mobility 2024 (1 items)
Background: Loaded wellness 2023 (3 items)
Background: Loaded economic 2023 (3 items)
Background: Loaded transportation 2024 (2 items)
Background: Loaded government 2023 (1 items)
Background: Loaded inequality 2024 (3 items)
Background: Loaded cultural 2023 (2 items)
Background: Loaded civic 2024 (2 items)
Background: Loaded infrastructure 2023 (3 items)
Background: Loaded accountability 2024 (2 items)
Background: Loaded identity 2023 (3 items)
Background: Loaded community 2024 (1 items)
Background: Loaded urban 2023 (2 items)
Background: Loaded representation 2024 (3 items)
Background: Loaded environment 2023 (3 items)
Background: Loaded participation 2023 (3 items)
Background: Loaded expectations 2024 (3 items)
Skipping trust 2024 (uses data from other sections)
Background: Loaded inequality 2023 (3 items)
Skipping equipment 2024 (uses data from other sections)
Background: Loaded accountability 2023 (2 items)
Background: Loaded representation 2023 (3 items)
Background: Loaded mobility 2024 (1 items)
Background: Loaded expectations 2023 (3 items)
Background: Loaded economic 2023 (3 items)
Background: Loaded transportation 2024 (2 items)
Skipping trust 2023 (uses data from other sections)
Background: Loaded cultural 2023 (2 items)
Background: Loaded civic 2024 (2 items)
Background: Loaded identity 2023 (3 items)
Background: Loaded community 2024 (1 items)
Skipping equipment 2023 (uses data from other sections)
Background: Loaded environment 2023 (3 items)
Background: Loaded mobility 2023 (1 items)
Background: Loaded transportation 2023 (2 items)
Background: Loaded inequality 2023 (3 items)
Background: Loaded civic 2023 (2 items)
Background: Loaded accountability 2023 (2 items)
Background: Loaded community 2023 (1 items)
Background: Loaded representation 2023 (3 items)
Background: Loaded expectations 2023 (3 items)
Skipping trust 2023 (uses data from other sections)
Skipping equipment 2023 (uses data from other sections)
Background: Loaded mobility 2023 (1 items)
Background: Loaded transportation 2023 (2 items)
Background: Loaded civic 2023 (2 items)
Background: Loaded community 2023 (1 items)
Explorer modules already preloaded - instant activation!
Explorer initialized with enhanced preload support
Explorer tab activated - should be handled by special observer
Tab: explorer | Cache: 57.0/500 MB (0.0% hit, 84 objects) | Preloader: running
  Preloader breakdown: data_progress=48/48, ui_progress=27/28, server_progress=27/28
  Current task: Loaded data: community_2023 (102/104 total)
Background preloading in progress: 98.1% complete
Loading survey data for year: 2024
Attempting to load: PER_2024
Loading survey data from: data/processed/PER_2024_responses_V4.csv
Q101 column found in dataset
Sample raw district values: 4, 4, 4, 4, 4
Sample raw gender values: 2, 1, 1, 2, 2
Sample raw age values: 3, 1, 3, 4, 1
Sample mapped gender values: Mujer, Hombre, Hombre, Mujer, Mujer
Standardized gender distribution: Hombre = 740, Mujer = 742, Otro = 1
Successfully loaded PER_2024 with 1483 responses
Metadata has 195 questions
Attempting to load: PAR_2024
Loading survey data from: data/processed/PAR_2024_responses_V4.csv
Q101 column found in dataset
Sample raw district values: 4, 4, 4, 4, 4
Sample raw gender values: 2, 1, 2, 2, 2
Sample raw age values: 2, 2, 2, 4, 4
Sample mapped gender values: Mujer, Hombre, Mujer, Mujer, Mujer
Standardized gender distribution: Hombre = 725, Mujer = 769, Otro = 2
Successfully loaded PAR_2024 with 1496 responses
Metadata has 338 questions
Total surveys loaded: 2
Raw file data/processed/PER_2023_metadata_classified_V3.csv has columns: X.3, X.2, X.1, X, variable, label, type, has_value_labels, value_labels, X0, X1, X2, X3, X4, X5, X6, X7, X8, X9, X10, X11, X12, X13, X14, X15, X16, X17, X18, X19, X20, X21, X22, X23, X24, X25, X26, X27, X28, X29, X30, X31, X32, X33, X34, scale_type, notes, MainTheme, Subtheme
Successfully loaded PER_2023 metadata from PER_2023_metadata_classified_V3.csv with 192 valid questions
Raw file data/processed/PAR_2023_metadata_classified_V2.csv has columns: X, variable, label, type, has_value_labels, value_labels, X0, X1, X2, X3, X4, X5, X6, X7, X8, X9, X10, X11, X12, X13, X14, X15, X16, X17, X18, X19, X20, X21, X22, X23, X24, X25, X26, X27, X28, X29, X30, X31, X32, X33, X34, scale_type, notes, MainTheme, Subtheme
Successfully loaded PAR_2023 metadata from PAR_2023_metadata_classified_V2.csv with 332 valid questions
Raw file data/processed/PER_2024_metadata_classified_V4.csv has columns: X.5, X.4, X.3, X.2, X.1, X, variable, label, type, has_value_labels, value_labels, X0, X1, X2, X3, X4, X5, X6, X7, X8, X9, X10, X11, X12, X13, X14, X15, X16, X17, X18, X19, X20, X21, X22, X23, X24, X25, X26, X27, X28, X29, X30, X31, X32, X33, X34, scale_type, MainTheme, Subtheme
Successfully loaded PER_2024 metadata from PER_2024_metadata_classified_V4.csv with 195 valid questions
Raw file data/processed/PAR_2024_metadata_classified_V4.csv has columns: X.2, X.1, X, variable, label, type, has_value_labels, value_labels, X0, X1, X2, X3, X4, X5, X6, X7, X8, X9, X10, X11, X12, X13, X14, X15, X16, X17, X18, X19, X20, X21, X22, X23, X24, X25, X26, X27, X28, X29, X30, X31, X32, X33, X34, scale_type, MainTheme, Subtheme, notes
Successfully loaded PAR_2024 metadata from PAR_2024_metadata_classified_V4.csv with 338 valid questions
Total metadata loaded: 1057 questions from 4 surveys
PAR_2023 : 332 questions, 4 themes
PAR_2024 : 338 questions, 4 themes
PER_2023 : 192 questions, 6 themes
PER_2024 : 195 questions, 6 themes
Total themes loaded: 1057
Available surveys: PER_2023, PAR_2023, PER_2024, PAR_2024
Filtered themes for 2024 : 489
Available themes for 2024 : Social & Economic Wellbeing, Public Services, Urban Mobility & Environment, Governance & Civic Engagement, Community Participation
DataManager initialized with 500 MB cache limit
BackgroundPreloader initialized: 104 total tasks (48 data, 28 UI, 28 server)
Starting enhanced background preloading...
Priority: Loading explorer UI and server modules...
UI module explorerUI already exists
Server module explorerServer already exists
Loaded basic module: categorical
Loaded basic module: special
Enhanced background preloading initiated
UI module wellnessUI already exists
UI module governmentUI already exists
UI module infrastructureUI already exists
Background: Loading explorer data for 2024...
Loading survey data from: data/processed/PER_2024_responses_V4.csv
Q101 column found in dataset
Sample raw district values: 4, 4, 4, 4, 4
Sample raw gender values: 2, 1, 1, 2, 2
Sample raw age values: 3, 1, 3, 4, 1
Sample mapped gender values: Mujer, Hombre, Hombre, Mujer, Mujer
Standardized gender distribution: Hombre = 740, Mujer = 742, Otro = 1
Loading survey data from: data/processed/PAR_2024_responses_V4.csv
Q101 column found in dataset
Sample raw district values: 4, 4, 4, 4, 4
Sample raw gender values: 2, 1, 2, 2, 2
Sample raw age values: 2, 2, 2, 4, 4
Sample mapped gender values: Mujer, Hombre, Mujer, Mujer, Mujer
Standardized gender distribution: Hombre = 725, Mujer = 769, Otro = 2
Background: Completed explorer data for 2024
UI module urbanUI already exists
UI module participationUI already exists
UI module economyUI already exists
UI module culturalUI already exists
Loaded server module: wellness_wellness
UI module for wellness already preloaded
Server module for wellness already preloaded
Data for wellness 2024 already preloaded!
Tab: wellness | Cache: 57.0/500 MB (0.0% hit, 84 objects) | Preloader: running
  Preloader breakdown: data_progress=1/48, ui_progress=7/28, server_progress=0/28
  Current task: Loaded UI: cultural (8/104 total)
Background preloading in progress: 7.7% complete
Wellness UI already preloaded
UI module for wellness already preloaded
Server module for wellness already preloaded
Data for wellness 2024 already preloaded!
Tab: wellness | Cache: 57.0/500 MB (0.0% hit, 84 objects) | Preloader: running
  Preloader breakdown: data_progress=1/48, ui_progress=7/28, server_progress=0/28
  Current task: Loaded UI: cultural (8/104 total)
Background preloading in progress: 7.7% complete
UI module identityUI already exists
UI module environmentUI already exists
UI module educationUI already exists
UI module healthcareUI already exists
UI module inequalityUI already exists
UI module accountabilityUI already exists
UI module representationUI already exists
UI module expectationsUI already exists
UI module trustUI already exists
Loaded UI module: public_servicesUI
Server module wellnessServer already exists
UI module equipmentUI already exists
Server module governmentServer already exists
UI module housingUI already exists
Server module infrastructureServer already exists
UI module mobilityUI already exists
Server module urbanServer already exists
UI module transportationUI already exists
Server module participationServer already exists
UI module civicUI already exists
UI module communityUI already exists
Background: Loading explorer data for 2023...
Loading survey data from: data/processed/PER_2023_responses_V3.csv
Q101 column found in dataset
Sample raw district values: 3, 3, 3, 3, 3
Sample raw gender values: 1, 1, 1, 2, 1
Sample raw age values: 4, 2, 4, 1, 1
Sample mapped gender values: Hombre, Hombre, Hombre, Mujer, Hombre
Standardized gender distribution: Hombre = 800, Mujer = 722, No especificado = 2
Loading survey data from: data/processed/PAR_2023_responses_V2.csv
Q101 column found in dataset
Sample raw district values: 3, 3, 3, 3, 3
Sample raw gender values: 1, 2, 1, 2, 2
Sample raw age values: 2, 1, 3, 3, 4
Sample mapped gender values: Hombre, Mujer, Hombre, Mujer, Mujer
Standardized gender distribution: Hombre = 731, Mujer = 770, Otro = 5
Background: Completed explorer data for 2023
Server module economyServer already exists
Server module culturalServer already exists
UI module reportsUI already exists
Server module identityServer already exists
UI module methodologyUI already exists
Server module environmentServer already exists
UI module aboutUI already exists
Server module educationServer already exists
Loaded UI module: dashboard_mapUI
Server module healthcareServer already exists
Server module inequalityServer already exists
Background: Loaded wellness 2024 (3 items)
Server module accountabilityServer already exists
Server module representationServer already exists
Server module expectationsServer already exists
Server module trustServer already exists
Background: Loaded government 2024 (1 items)
Loaded server module: public_servicesServer
Server module equipmentServer already exists
Server module housingServer already exists
Server module mobilityServer already exists
Background: Loaded infrastructure 2024 (3 items)
Server module transportationServer already exists
Server module civicServer already exists
Server module communityServer already exists
Background: Loaded urban 2024 (2 items)
Server module reportsServer already exists
Background: Loaded participation 2024 (3 items)
Server module methodologyServer already exists
Server module aboutServer already exists
Loaded server module: dashboard_mapServer
Background: Loaded economic 2024 (3 items)
Background: Loaded cultural 2024 (2 items)
Background: Loaded identity 2024 (3 items)
Background: Loaded environment 2024 (3 items)
Background: Loaded wellness 2023 (3 items)
Background: Loaded government 2023 (1 items)
Background: Loaded inequality 2024 (3 items)
Background: Loaded infrastructure 2023 (3 items)
Background: Loaded accountability 2024 (2 items)
Background: Loaded urban 2023 (2 items)
Background: Loaded representation 2024 (3 items)
Background: Loaded participation 2023 (3 items)
Background: Loaded expectations 2024 (3 items)
Skipping trust 2024 (uses data from other sections)
Skipping equipment 2024 (uses data from other sections)
Background: Loaded mobility 2024 (1 items)
Background: Loaded economic 2023 (3 items)
Background: Loaded transportation 2024 (2 items)
Background: Loaded cultural 2023 (2 items)
Background: Loaded civic 2024 (2 items)
Background: Loaded identity 2023 (3 items)
Background: Loaded community 2024 (1 items)
Background: Loaded environment 2023 (3 items)
Background: Loaded inequality 2023 (3 items)
Background: Loaded accountability 2023 (2 items)
Background: Loaded representation 2023 (3 items)
Background: Loaded expectations 2023 (3 items)
Skipping trust 2023 (uses data from other sections)
Skipping equipment 2023 (uses data from other sections)
Background: Loaded mobility 2023 (1 items)
Background: Loaded transportation 2023 (2 items)
Background: Loaded civic 2023 (2 items)
Background: Loaded community 2023 (1 items)

