Fixed background preloader loaded without reactive context dependencies
DataManager class loaded and assigned to global environment
Loading required package: pdftools
Using poppler version 24.02.0
Loading required package: magick
Linking to ImageMagick 6.9.12.98
Enabled features: fontconfig, freetype, fftw, heic, lcms, pango, raw, webp, x11
Disabled features: cairo, ghostscript, rsvg
Using 16 threads

Attaching package: ‘dplyr’

The following objects are masked from ‘package:stats’:

    filter, lag

The following objects are masked from ‘package:base’:

    intersect, setdiff, setequal, union


Attaching package: ‘bslib’

The following object is masked from ‘package:utils’:

    page


Attaching package: ‘DT’

The following objects are masked from ‘package:shiny’:

    dataTableOutput, renderDataTable

Loading required package: ggplot2

Attaching package: ‘plotly’

The following object is masked from ‘package:ggplot2’:

    last_plot

The following object is masked from ‘package:stats’:

    filter

The following object is masked from ‘package:graphics’:

    layout

Linking to GEOS 3.12.1, GDAL 3.8.4, PROJ 9.4.0; sf_use_s2() is TRUE
── Attaching core tidyverse packages ──────────────────────── tidyverse 2.0.0 ──
✔ forcats   1.0.0     ✔ stringr   1.5.1
✔ lubridate 1.9.4     ✔ tibble    3.3.0
✔ purrr     1.0.4     ✔ tidyr     1.3.1
✔ readr     2.1.5     
── Conflicts ────────────────────────────────────────── tidyverse_conflicts() ──
✖ plotly::filter() masks dplyr::filter(), stats::filter()
✖ dplyr::lag()     masks stats::lag()
ℹ Use the conflicted package (<http://conflicted.r-lib.org/>) to force all conflicts to become errors

Attaching package: ‘igraph’

The following objects are masked from ‘package:lubridate’:

    %--%, union

The following objects are masked from ‘package:purrr’:

    compose, simplify

The following object is masked from ‘package:tidyr’:

    crossing

The following object is masked from ‘package:tibble’:

    as_data_frame

The following object is masked from ‘package:plotly’:

    groups

The following objects are masked from ‘package:dplyr’:

    as_data_frame, groups, union

The following objects are masked from ‘package:future’:

    %->%, %<-%

The following objects are masked from ‘package:stats’:

    decompose, spectrum

The following object is masked from ‘package:base’:

    union


Attaching package: ‘shinyjs’

The following object is masked from ‘package:lubridate’:

    show

The following object is masked from ‘package:future’:

    reset

The following object is masked from ‘package:shiny’:

    runExample

The following objects are masked from ‘package:methods’:

    removeClass, show


Attaching package: ‘colourpicker’

The following objects are masked from ‘package:shinyjs’:

    colourInput, colourPicker, runExample, updateColourInput

The following object is masked from ‘package:shiny’:

    runExample

Configured background processing with 4.000000 cores
DataManager class loaded and assigned to global environment
Fixed background preloader loaded without reactive context dependencies
Loaded module: R/binary_module.R
Loaded module: R/categorical_module.R
Loaded module: R/interval_module.R
Loaded module: R/ordinal_module.R
Loaded module: R/nominal_module.R
Loaded module: R/razon_module.R
Loaded module: R/special_module.R
Warning: Navigation containers expect a collection of `bslib::nav_panel()`/`shiny::tabPanel()`s and/or `bslib::nav_menu()`/`shiny::navbarMenu()`s. Consider using `header` or `footer` if you wish to place content above (or below) every panel's contents.

Listening on http://127.0.0.1:34591
DataManager initialized with 500 MB cache limit
BackgroundPreloader initialized (non-reactive): 106 total tasks (50 data, 28 UI, 28 server)
Starting non-interfering background preloading...
Priority: Loading explorer UI and server modules...
Silent loaded UI module: explorerUI
Silent loaded server module: explorerServer
Loaded basic module: categorical
Loaded basic module: special
Background preloading initiated successfully
Silent loaded UI module: wellnessUI
Silent loaded UI module: governmentUI
Transition started: wellness at 2025-06-18 00:02:15.400072
Tab: wellness | Cache: 0.0 MB (0.0% hit, 0 objects)
Slow transition detected: 3.98 seconds to wellness
Silent loaded UI module: infrastructureUI
UI module for wellness already preloaded
Loading server module for wellness
Loaded module: R/wellness/wellness_server.R
Smart preloading for wellness: wellness, economic, cultural, identity, environment
Loading plots for wellness 2024 from RDS
Loading plots for economic 2024 from RDS
Loading maps for economic 2024 from RDS
Loading plots for cultural 2024 from RDS
Loading maps for cultural 2024 from RDS
Warning in doTryCatch(return(expr), name, parentenv, handler) :
  Map file not found: data/plots/map_cultural_2024.rds
Loading plots for identity 2024 from RDS
Loading maps for identity 2024 from RDS
Loading plots for environment 2024 from RDS
Loading maps for environment 2024 from RDS
Server initialized: wellness_wellness
Loading maps for wellness 2024 from RDS
Loading maps for infrastructure 2024 from RDS
Loading plots for infrastructure 2024 from RDS
Silent loaded UI module: urbanUI
Silent loaded UI module: participationUI
Background: Silently loading explorer data for 2024...
Loading survey data from: data/processed/PER_2024_responses_V4.csv
Q101 column found in dataset
Sample raw district values: 4, 4, 4, 4, 4
Sample raw gender values: 2, 1, 1, 2, 2
Sample raw age values: 3, 1, 3, 4, 1
Sample mapped gender values: Mujer, Hombre, Hombre, Mujer, Mujer
Standardized gender distribution: Hombre = 740, Mujer = 742, Otro = 1
Loading survey data from: data/processed/PAR_2024_responses_V4.csv
Q101 column found in dataset
Sample raw district values: 4, 4, 4, 4, 4
Sample raw gender values: 2, 1, 2, 2, 2
Sample raw age values: 2, 2, 2, 4, 4
Sample mapped gender values: Mujer, Hombre, Mujer, Mujer, Mujer
Standardized gender distribution: Hombre = 725, Mujer = 769, Otro = 2
Background: Completed explorer data for 2024
Transition completed: wellness at 2025-06-18 00:02:17.473506
Transition started: economic at 2025-06-18 00:02:17.50125
Tab: economic | Cache: 21.9 MB (5.6% hit, 19 objects)
Slow transition detected: 2.11 seconds to economic
Loaded module: R/wellness/economy_ui.R
UI module for economic already preloaded
Loading server module for economic
Loaded module: R/wellness/economy_server.R
Server initialized: wellness_economy
Transition completed: economic at 2025-06-18 00:02:18.541326
Transition started: wellness at 2025-06-18 00:02:19.109788
Tab: wellness | Cache: 21.9 MB (15.0% hit, 19 objects)
UI module for wellness already preloaded
Server module for wellness already preloaded
Transition completed: wellness at 2025-06-18 00:02:20.123611
Transition started: cultural at 2025-06-18 00:02:20.20861
Tab: cultural | Cache: 21.9 MB (29.2% hit, 19 objects)
Slow transition detected: 2.70 seconds to cultural
Loaded module: R/wellness/cultural_ui.R
UI module for cultural already preloaded
Loading server module for cultural
Loaded module: R/wellness/cultural_server.R
Server initialized: wellness_cultural
Silent loaded UI module: identityUI
Transition completed: cultural at 2025-06-18 00:02:21.234497
Silent loaded UI module: environmentUI
Silent loaded UI module: educationUI
Transition started: wellness at 2025-06-18 00:02:22.297951
Tab: wellness | Cache: 21.9 MB (34.6% hit, 19 objects)
Slow transition detected: 2.70 seconds to wellness
Silent loaded UI module: healthcareUI
UI module for wellness already preloaded
Server module for wellness already preloaded
Silent loaded UI module: housingUI
Transition started: cultural at 2025-06-18 00:02:22.949496
Tab: cultural | Cache: 21.9 MB (43.3% hit, 19 objects)
Slow transition detected: 5.44 seconds to cultural
UI module for cultural already preloaded
Server module for cultural already preloaded
Transition completed: wellness at 2025-06-18 00:02:23.311766
Silent loaded UI module: inequalityUI
Silent loaded UI module: accountabilityUI
Transition completed: cultural at 2025-06-18 00:02:23.959565
Transition started: wellness at 2025-06-18 00:02:24.019667
Tab: wellness | Cache: 21.9 MB (46.9% hit, 19 objects)
Slow transition detected: 5.44 seconds to wellness
UI module for wellness already preloaded
Server module for wellness already preloaded
Silent loaded UI module: representationUI
Slow transition detected: 5.44 seconds to overview
Silent loaded UI module: expectationsUI
Transition completed: wellness at 2025-06-18 00:02:25.035244
Silent loaded UI module: trustUI
Transition started: urban at 2025-06-18 00:02:25.88101
Tab: urban | Cache: 21.9 MB (52.8% hit, 19 objects)
Slow transition detected: 2.93 seconds to urban
Silent loaded UI module: public_servicesUI
UI module for urban already preloaded
Loading server module for urban
Loaded module: R/urban/urban_server.R
Smart preloading for urban: urban, mobility, transportation
Loading plots for urban 2024 from RDS
Loading maps for urban 2024 from RDS
Warning in doTryCatch(return(expr), name, parentenv, handler) :
  Map file not found: data/plots/map_urban_2024.rds
Loading plots for mobility 2024 from RDS
Loading plots for transportation 2024 from RDS
Loading maps for transportation 2024 from RDS
Server initialized: urban_urban
Silent loaded UI module: equipmentUI
Silent loaded UI module: mobilityUI
Transition completed: urban at 2025-06-18 00:02:27.007783
Transition started: mobility at 2025-06-18 00:02:27.413838
Tab: mobility | Cache: 23.0 MB (45.6% hit, 27 objects)
Silent loaded UI module: transportationUI
UI module for mobility already preloaded
Loading server module for mobility
Loaded module: R/urban/mobility_server.R
Server initialized: urban_mobility
Silent loaded UI module: civicUI
Silent loaded UI module: communityUI
Transition completed: mobility at 2025-06-18 00:02:28.565575
Silent loaded server module: governmentServer
Transition started: urban at 2025-06-18 00:02:30.346107
Tab: urban | Cache: 23.0 MB (46.8% hit, 27 objects)
Silent loaded server module: infrastructureServer
UI module for urban already preloaded
Server module for urban already preloaded
Transition completed: urban at 2025-06-18 00:02:31.353831
Background: Silently loading explorer data for 2023...
Loading survey data from: data/processed/PER_2023_responses_V3.csv
Q101 column found in dataset
Sample raw district values: 3, 3, 3, 3, 3
Sample raw gender values: 1, 1, 1, 2, 1
Sample raw age values: 4, 2, 4, 1, 1
Sample mapped gender values: Hombre, Hombre, Hombre, Mujer, Hombre
Standardized gender distribution: Hombre = 800, Mujer = 722, No especificado = 2
Loading survey data from: data/processed/PAR_2023_responses_V2.csv
Q101 column found in dataset
Sample raw district values: 3, 3, 3, 3, 3
Sample raw gender values: 1, 2, 1, 2, 2
Sample raw age values: 2, 1, 3, 3, 4
Sample mapped gender values: Hombre, Mujer, Hombre, Mujer, Mujer
Standardized gender distribution: Hombre = 731, Mujer = 770, Otro = 5
Background: Completed explorer data for 2023
Silent loaded server module: participationServer
Silent loaded UI module: reportsUI
Silent loaded UI module: methodologyUI
Transition started: explorer at 2025-06-18 00:02:32.565956
Tab: explorer | Cache: 31.5 MB (49.0% hit, 29 objects)
Slow transition detected: 5.14 seconds to explorer
Explorer modules already preloaded - instant activation!
Explorer initialized with enhanced preload support
Loading survey data for year: 2024
Attempting to load: PER_2024
Loading survey data from: data/processed/PER_2024_responses_V4.csv
Q101 column found in dataset
Sample raw district values: 4, 4, 4, 4, 4
Sample raw gender values: 2, 1, 1, 2, 2
Sample raw age values: 3, 1, 3, 4, 1
Sample mapped gender values: Mujer, Hombre, Hombre, Mujer, Mujer
Standardized gender distribution: Hombre = 740, Mujer = 742, Otro = 1
Successfully loaded PER_2024 with 1483 responses
Metadata has 195 questions
Attempting to load: PAR_2024
Loading survey data from: data/processed/PAR_2024_responses_V4.csv
Q101 column found in dataset
Sample raw district values: 4, 4, 4, 4, 4
Sample raw gender values: 2, 1, 2, 2, 2
Sample raw age values: 2, 2, 2, 4, 4
Sample mapped gender values: Mujer, Hombre, Mujer, Mujer, Mujer
Standardized gender distribution: Hombre = 725, Mujer = 769, Otro = 2
Successfully loaded PAR_2024 with 1496 responses
Metadata has 338 questions
Total surveys loaded: 2
Raw file data/processed/PER_2023_metadata_classified_V3.csv has columns: X.3, X.2, X.1, X, variable, label, type, has_value_labels, value_labels, X0, X1, X2, X3, X4, X5, X6, X7, X8, X9, X10, X11, X12, X13, X14, X15, X16, X17, X18, X19, X20, X21, X22, X23, X24, X25, X26, X27, X28, X29, X30, X31, X32, X33, X34, scale_type, notes, MainTheme, Subtheme
Successfully loaded PER_2023 metadata from PER_2023_metadata_classified_V3.csv with 192 valid questions
Raw file data/processed/PAR_2023_metadata_classified_V2.csv has columns: X, variable, label, type, has_value_labels, value_labels, X0, X1, X2, X3, X4, X5, X6, X7, X8, X9, X10, X11, X12, X13, X14, X15, X16, X17, X18, X19, X20, X21, X22, X23, X24, X25, X26, X27, X28, X29, X30, X31, X32, X33, X34, scale_type, notes, MainTheme, Subtheme
Successfully loaded PAR_2023 metadata from PAR_2023_metadata_classified_V2.csv with 332 valid questions
Raw file data/processed/PER_2024_metadata_classified_V4.csv has columns: X.5, X.4, X.3, X.2, X.1, X, variable, label, type, has_value_labels, value_labels, X0, X1, X2, X3, X4, X5, X6, X7, X8, X9, X10, X11, X12, X13, X14, X15, X16, X17, X18, X19, X20, X21, X22, X23, X24, X25, X26, X27, X28, X29, X30, X31, X32, X33, X34, scale_type, MainTheme, Subtheme
Successfully loaded PER_2024 metadata from PER_2024_metadata_classified_V4.csv with 195 valid questions
Raw file data/processed/PAR_2024_metadata_classified_V4.csv has columns: X.2, X.1, X, variable, label, type, has_value_labels, value_labels, X0, X1, X2, X3, X4, X5, X6, X7, X8, X9, X10, X11, X12, X13, X14, X15, X16, X17, X18, X19, X20, X21, X22, X23, X24, X25, X26, X27, X28, X29, X30, X31, X32, X33, X34, scale_type, MainTheme, Subtheme, notes
Successfully loaded PAR_2024 metadata from PAR_2024_metadata_classified_V4.csv with 338 valid questions
Total metadata loaded: 1057 questions from 4 surveys
PAR_2023 : 332 questions, 4 themes
PAR_2024 : 338 questions, 4 themes
PER_2023 : 192 questions, 6 themes
PER_2024 : 195 questions, 6 themes
Total themes loaded: 1057
Available surveys: PER_2023, PAR_2023, PER_2024, PAR_2024
Filtered themes for 2024 : 489
Available themes for 2024 : Social & Economic Wellbeing, Public Services, Urban Mobility & Environment, Governance & Civic Engagement, Community Participation
Explorer section accessed
Silent loaded UI module: aboutUI
Silent loaded UI module: dashboard_mapUI
Transition completed: explorer at 2025-06-18 00:02:35.396534
Silent loaded server module: identityServer
Slow transition detected: 5.14 seconds to overview
Silent loaded server module: environmentServer
Silent loaded server module: educationServer
Transition started: wellness at 2025-06-18 00:02:38.563613
Tab: wellness | Cache: 31.5 MB (49.0% hit, 29 objects)
Slow transition detected: 5.14 seconds to wellness
UI module for wellness already preloaded
Server module for wellness already preloaded
Silent loaded server module: healthcareServer
Silent loaded server module: housingServer
Transition completed: wellness at 2025-06-18 00:02:39.576628
Silent loaded server module: inequalityServer
Silent loaded server module: accountabilityServer
Silent loaded server module: representationServer
Silent loaded server module: expectationsServer
Transition started: environment at 2025-06-18 00:02:41.625259
Tab: environment | Cache: 31.5 MB (52.8% hit, 29 objects)
Slow transition detected: 9.06 seconds to environment
UI module for environment already preloaded
Server module for environment already preloaded
Server initialized: wellness_environment
Silent loaded server module: trustServer
Silent loaded server module: public_servicesServer
Transition completed: environment at 2025-06-18 00:02:42.739856
Background: Silently loaded wellness 2024 (3 items)
Silent loaded server module: equipmentServer
Slow transition detected: 9.06 seconds to overview
Silent loaded server module: transportationServer
Silent loaded server module: civicServer
Silent loaded server module: communityServer
Transition started: participation at 2025-06-18 00:02:45.035598
Tab: participation | Cache: 31.5 MB (54.5% hit, 29 objects)
Slow transition detected: 3.41 seconds to participation
UI module for participation already preloaded
Server module for participation already preloaded
Smart preloading for participation: participation, civic, community
Loading plots for participation 2024 from RDS
Loading maps for participation 2024 from RDS
Loading plots for civic 2024 from RDS
Loading maps for civic 2024 from RDS
Loading plots for community 2024 from RDS
Server initialized: participation_participation
Background: Silently loaded government 2024 (1 items)
Transition completed: participation at 2025-06-18 00:02:46.46915
Transition started: wellness at 2025-06-18 00:02:47.047213
Tab: wellness | Cache: 32.9 MB (50.0% hit, 38 objects)
Slow transition detected: 3.41 seconds to wellness
UI module for wellness already preloaded
Server module for wellness already preloaded
Transition completed: wellness at 2025-06-18 00:02:48.077705
Silent loaded server module: reportsServer
Background: Silently loaded infrastructure 2024 (3 items)
Silent loaded server module: methodologyServer
Silent loaded server module: aboutServer
Silent loaded server module: dashboard_mapServer
Background: Silently loaded urban 2024 (2 items)
Background: Silently loaded participation 2024 (3 items)
Background: Silently loaded economic 2024 (3 items)
Background: Silently loaded cultural 2024 (2 items)
Background: Silently loaded identity 2024 (3 items)
Background: Silently loaded environment 2024 (3 items)
Background: Silently loaded wellness 2023 (3 items)
Background: Silently loaded government 2023 (1 items)
Background: Silently loaded infrastructure 2023 (3 items)
Background: Silently loaded inequality 2024 (3 items)
Background: Silently loaded urban 2023 (2 items)
Background: Silently loaded accountability 2024 (2 items)
Background: Silently loaded participation 2023 (3 items)
Background: Silently loaded representation 2024 (3 items)
Background: Silently loaded expectations 2024 (3 items)
Skipping trust 2024 (uses data from other sections)
Skipping equipment 2024 (uses data from other sections)
Background: Silently loaded mobility 2024 (1 items)
Background: Silently loaded economic 2023 (3 items)
Background: Silently loaded transportation 2024 (2 items)
Background: Silently loaded cultural 2023 (2 items)
Background: Silently loaded civic 2024 (2 items)
Background: Silently loaded identity 2023 (3 items)
Background: Silently loaded community 2024 (1 items)
Background: Silently loaded environment 2023 (3 items)
Background: Silently loaded inequality 2023 (3 items)
Background: Silently loaded accountability 2023 (2 items)
Background: Silently loaded representation 2023 (3 items)
Background: Silently loaded expectations 2023 (3 items)
Skipping trust 2023 (uses data from other sections)
Skipping equipment 2023 (uses data from other sections)
Background: Silently loaded mobility 2023 (1 items)
Background: Silently loaded transportation 2023 (2 items)
Background: Silently loaded civic 2023 (2 items)
Background: Silently loaded community 2023 (1 items)
Transition started: cultural at 2025-06-18 00:06:04.675279
Tab: cultural | Cache: 57.0 MB (52.9% hit, 90 objects)
Slow transition detected: 3.41 seconds to cultural
UI module for cultural already preloaded
Server module for cultural already preloaded
Transition completed: cultural at 2025-06-18 00:06:05.785971
Transition started: wellness at 2025-06-18 00:06:05.801362
Tab: wellness | Cache: 57.0 MB (54.2% hit, 90 objects)
Slow transition detected: 3.41 seconds to wellness
UI module for wellness already preloaded
Server module for wellness already preloaded
Transition completed: wellness at 2025-06-18 00:06:06.816399
Slow transition detected: 3.41 seconds to overview
Transition started: wellness at 2025-06-18 00:06:08.829533
Tab: wellness | Cache: 57.0 MB (56.6% hit, 90 objects)
Slow transition detected: 3.41 seconds to wellness
UI module for wellness already preloaded
Server module for wellness already preloaded
Transition completed: wellness at 2025-06-18 00:06:09.844471
Slow transition detected: 3.41 seconds to overview
Transition started: explorer at 2025-06-18 00:06:10.866444
Tab: explorer | Cache: 57.0 MB (58.8% hit, 90 objects)
Slow transition detected: 3.41 seconds to explorer
Explorer modules already preloaded - instant activation!
Explorer initialized with enhanced preload support
Loading survey data for year: 2024
Attempting to load: PER_2024
Loading survey data from: data/processed/PER_2024_responses_V4.csv
Q101 column found in dataset
Sample raw district values: 4, 4, 4, 4, 4
Sample raw gender values: 2, 1, 1, 2, 2
Sample raw age values: 3, 1, 3, 4, 1
Sample mapped gender values: Mujer, Hombre, Hombre, Mujer, Mujer
Standardized gender distribution: Hombre = 740, Mujer = 742, Otro = 1
Successfully loaded PER_2024 with 1483 responses
Metadata has 195 questions
Attempting to load: PAR_2024
Loading survey data from: data/processed/PAR_2024_responses_V4.csv
Q101 column found in dataset
Sample raw district values: 4, 4, 4, 4, 4
Sample raw gender values: 2, 1, 2, 2, 2
Sample raw age values: 2, 2, 2, 4, 4
Sample mapped gender values: Mujer, Hombre, Mujer, Mujer, Mujer
Standardized gender distribution: Hombre = 725, Mujer = 769, Otro = 2
Successfully loaded PAR_2024 with 1496 responses
Metadata has 338 questions
Total surveys loaded: 2
Raw file data/processed/PER_2023_metadata_classified_V3.csv has columns: X.3, X.2, X.1, X, variable, label, type, has_value_labels, value_labels, X0, X1, X2, X3, X4, X5, X6, X7, X8, X9, X10, X11, X12, X13, X14, X15, X16, X17, X18, X19, X20, X21, X22, X23, X24, X25, X26, X27, X28, X29, X30, X31, X32, X33, X34, scale_type, notes, MainTheme, Subtheme
Successfully loaded PER_2023 metadata from PER_2023_metadata_classified_V3.csv with 192 valid questions
Raw file data/processed/PAR_2023_metadata_classified_V2.csv has columns: X, variable, label, type, has_value_labels, value_labels, X0, X1, X2, X3, X4, X5, X6, X7, X8, X9, X10, X11, X12, X13, X14, X15, X16, X17, X18, X19, X20, X21, X22, X23, X24, X25, X26, X27, X28, X29, X30, X31, X32, X33, X34, scale_type, notes, MainTheme, Subtheme
Successfully loaded PAR_2023 metadata from PAR_2023_metadata_classified_V2.csv with 332 valid questions
Raw file data/processed/PER_2024_metadata_classified_V4.csv has columns: X.5, X.4, X.3, X.2, X.1, X, variable, label, type, has_value_labels, value_labels, X0, X1, X2, X3, X4, X5, X6, X7, X8, X9, X10, X11, X12, X13, X14, X15, X16, X17, X18, X19, X20, X21, X22, X23, X24, X25, X26, X27, X28, X29, X30, X31, X32, X33, X34, scale_type, MainTheme, Subtheme
Successfully loaded PER_2024 metadata from PER_2024_metadata_classified_V4.csv with 195 valid questions
Raw file data/processed/PAR_2024_metadata_classified_V4.csv has columns: X.2, X.1, X, variable, label, type, has_value_labels, value_labels, X0, X1, X2, X3, X4, X5, X6, X7, X8, X9, X10, X11, X12, X13, X14, X15, X16, X17, X18, X19, X20, X21, X22, X23, X24, X25, X26, X27, X28, X29, X30, X31, X32, X33, X34, scale_type, MainTheme, Subtheme, notes
Successfully loaded PAR_2024 metadata from PAR_2024_metadata_classified_V4.csv with 338 valid questions
Total metadata loaded: 1057 questions from 4 surveys
PAR_2023 : 332 questions, 4 themes
PAR_2024 : 338 questions, 4 themes
PER_2023 : 192 questions, 6 themes
PER_2024 : 195 questions, 6 themes
Total themes loaded: 1057
Available surveys: PER_2023, PAR_2023, PER_2024, PAR_2024
Filtered themes for 2024 : 489
Available themes for 2024 : Social & Economic Wellbeing, Public Services, Urban Mobility & Environment, Governance & Civic Engagement, Community Participation
Explorer section accessed
DataManager initialized with 500 MB cache limit
BackgroundPreloader initialized (non-reactive): 106 total tasks (50 data, 28 UI, 28 server)
Starting non-interfering background preloading...
Priority: Loading explorer UI and server modules...
Loaded basic module: categorical
Loaded basic module: special
Background preloading initiated successfully
Transition completed: explorer at 2025-06-18 00:06:13.784322
Explorer modules already preloaded - instant activation!
Explorer initialized with enhanced preload support
Transition started: explorer at 2025-06-18 00:06:14.18395
Tab: explorer | Cache: 57.0 MB (58.8% hit, 90 objects)
Loading survey data for year: 2024
Attempting to load: PER_2024
Loading survey data from: data/processed/PER_2024_responses_V4.csv
Q101 column found in dataset
Sample raw district values: 4, 4, 4, 4, 4
Sample raw gender values: 2, 1, 1, 2, 2
Sample raw age values: 3, 1, 3, 4, 1
Sample mapped gender values: Mujer, Hombre, Hombre, Mujer, Mujer
Standardized gender distribution: Hombre = 740, Mujer = 742, Otro = 1
Successfully loaded PER_2024 with 1483 responses
Metadata has 195 questions
Attempting to load: PAR_2024
Loading survey data from: data/processed/PAR_2024_responses_V4.csv
Q101 column found in dataset
Sample raw district values: 4, 4, 4, 4, 4
Sample raw gender values: 2, 1, 2, 2, 2
Sample raw age values: 2, 2, 2, 4, 4
Sample mapped gender values: Mujer, Hombre, Mujer, Mujer, Mujer
Standardized gender distribution: Hombre = 725, Mujer = 769, Otro = 2
Successfully loaded PAR_2024 with 1496 responses
Metadata has 338 questions
Total surveys loaded: 2
Raw file data/processed/PER_2023_metadata_classified_V3.csv has columns: X.3, X.2, X.1, X, variable, label, type, has_value_labels, value_labels, X0, X1, X2, X3, X4, X5, X6, X7, X8, X9, X10, X11, X12, X13, X14, X15, X16, X17, X18, X19, X20, X21, X22, X23, X24, X25, X26, X27, X28, X29, X30, X31, X32, X33, X34, scale_type, notes, MainTheme, Subtheme
Successfully loaded PER_2023 metadata from PER_2023_metadata_classified_V3.csv with 192 valid questions
Raw file data/processed/PAR_2023_metadata_classified_V2.csv has columns: X, variable, label, type, has_value_labels, value_labels, X0, X1, X2, X3, X4, X5, X6, X7, X8, X9, X10, X11, X12, X13, X14, X15, X16, X17, X18, X19, X20, X21, X22, X23, X24, X25, X26, X27, X28, X29, X30, X31, X32, X33, X34, scale_type, notes, MainTheme, Subtheme
Successfully loaded PAR_2023 metadata from PAR_2023_metadata_classified_V2.csv with 332 valid questions
Raw file data/processed/PER_2024_metadata_classified_V4.csv has columns: X.5, X.4, X.3, X.2, X.1, X, variable, label, type, has_value_labels, value_labels, X0, X1, X2, X3, X4, X5, X6, X7, X8, X9, X10, X11, X12, X13, X14, X15, X16, X17, X18, X19, X20, X21, X22, X23, X24, X25, X26, X27, X28, X29, X30, X31, X32, X33, X34, scale_type, MainTheme, Subtheme
Successfully loaded PER_2024 metadata from PER_2024_metadata_classified_V4.csv with 195 valid questions
Raw file data/processed/PAR_2024_metadata_classified_V4.csv has columns: X.2, X.1, X, variable, label, type, has_value_labels, value_labels, X0, X1, X2, X3, X4, X5, X6, X7, X8, X9, X10, X11, X12, X13, X14, X15, X16, X17, X18, X19, X20, X21, X22, X23, X24, X25, X26, X27, X28, X29, X30, X31, X32, X33, X34, scale_type, MainTheme, Subtheme, notes
Successfully loaded PAR_2024 metadata from PAR_2024_metadata_classified_V4.csv with 338 valid questions
Total metadata loaded: 1057 questions from 4 surveys
PAR_2023 : 332 questions, 4 themes
PAR_2024 : 338 questions, 4 themes
PER_2023 : 192 questions, 6 themes
PER_2024 : 195 questions, 6 themes
Total themes loaded: 1057
Available surveys: PER_2023, PAR_2023, PER_2024, PAR_2024
Filtered themes for 2024 : 489
Available themes for 2024 : Social & Economic Wellbeing, Public Services, Urban Mobility & Environment, Governance & Civic Engagement, Community Participation
Explorer section accessed
Transition completed: explorer at 2025-06-18 00:06:16.61099
Background: Silently loading explorer data for 2024...
Loading survey data from: data/processed/PER_2024_responses_V4.csv
Q101 column found in dataset
Sample raw district values: 4, 4, 4, 4, 4
Sample raw gender values: 2, 1, 1, 2, 2
Sample raw age values: 3, 1, 3, 4, 1
Sample mapped gender values: Mujer, Hombre, Hombre, Mujer, Mujer
Standardized gender distribution: Hombre = 740, Mujer = 742, Otro = 1
Loading survey data from: data/processed/PAR_2024_responses_V4.csv
Q101 column found in dataset
Sample raw district values: 4, 4, 4, 4, 4
Sample raw gender values: 2, 1, 2, 2, 2
Sample raw age values: 2, 2, 2, 4, 4
Sample mapped gender values: Mujer, Hombre, Mujer, Mujer, Mujer
Standardized gender distribution: Hombre = 725, Mujer = 769, Otro = 2
Background: Completed explorer data for 2024
Silent loaded UI module: public_servicesUI
Background: Silently loading explorer data for 2023...
Loading survey data from: data/processed/PER_2023_responses_V3.csv
Q101 column found in dataset
Sample raw district values: 3, 3, 3, 3, 3
Sample raw gender values: 1, 1, 1, 2, 1
Sample raw age values: 4, 2, 4, 1, 1
Sample mapped gender values: Hombre, Hombre, Hombre, Mujer, Hombre
Standardized gender distribution: Hombre = 800, Mujer = 722, No especificado = 2
Loading survey data from: data/processed/PAR_2023_responses_V2.csv
Q101 column found in dataset
Sample raw district values: 3, 3, 3, 3, 3
Sample raw gender values: 1, 2, 1, 2, 2
Sample raw age values: 2, 1, 3, 3, 4
Sample mapped gender values: Hombre, Mujer, Hombre, Mujer, Mujer
Standardized gender distribution: Hombre = 731, Mujer = 770, Otro = 5
Background: Completed explorer data for 2023
Silent loaded UI module: dashboard_mapUI
DataManager initialized with 500 MB cache limit
BackgroundPreloader initialized (non-reactive): 106 total tasks (50 data, 28 UI, 28 server)
Starting non-interfering background preloading...
Priority: Loading explorer UI and server modules...
Loaded basic module: categorical
Loaded basic module: special
Background preloading initiated successfully
Transition started: wellness at 2025-06-18 00:06:37.788952
Tab: wellness | Cache: 57.0 MB (58.8% hit, 90 objects)
UI module for wellness already preloaded
Server module for wellness already preloaded
Server initialized: wellness_wellness
Transition completed: wellness at 2025-06-18 00:06:38.799926
Background: Silently loading explorer data for 2024...
Loading survey data from: data/processed/PER_2024_responses_V4.csv
Q101 column found in dataset
Sample raw district values: 4, 4, 4, 4, 4
Sample raw gender values: 2, 1, 1, 2, 2
Sample raw age values: 3, 1, 3, 4, 1
Sample mapped gender values: Mujer, Hombre, Hombre, Mujer, Mujer
Standardized gender distribution: Hombre = 740, Mujer = 742, Otro = 1
Loading survey data from: data/processed/PAR_2024_responses_V4.csv
Q101 column found in dataset
Sample raw district values: 4, 4, 4, 4, 4
Sample raw gender values: 2, 1, 2, 2, 2
Sample raw age values: 2, 2, 2, 4, 4
Sample mapped gender values: Mujer, Hombre, Mujer, Mujer, Mujer
Standardized gender distribution: Hombre = 725, Mujer = 769, Otro = 2
Background: Completed explorer data for 2024
Silent loaded server module: public_servicesServer
Background: Silently loaded wellness 2024 (3 items)
Transition started: transportation at 2025-06-18 00:06:45.162754
Tab: transportation | Cache: 57.0 MB (60.7% hit, 90 objects)
Slow transition detected: 7.38 seconds to transportation
UI module for transportation already preloaded
Server module for transportation already preloaded
Server initialized: urban_transportation
Transition completed: transportation at 2025-06-18 00:06:46.203822
Warning in download$func(tmpdata) :
  Map file not found: data/maps/mapa_transporte_camion_2024.png
Background: Silently loaded government 2024 (1 items)
Warning in download$func(tmpdata) :
  Map file not found: data/maps/mapa_transporte_camion_2024.png
Background: Silently loaded infrastructure 2024 (3 items)
Silent loaded server module: dashboard_mapServer
Silent loaded UI module: public_servicesUI
Warning in download$func(tmpdata) :
  Map file not found: data/maps/mapa_transporte_juarez_Bus_2024.png
Background: Silently loaded urban 2024 (2 items)
Background: Silently loaded participation 2024 (3 items)
Transition started: urban at 2025-06-18 00:06:56.466409
Tab: urban | Cache: 57.0 MB (61.6% hit, 90 objects)
Slow transition detected: 11.32 seconds to urban
UI module for urban already preloaded
Server module for urban already preloaded
Server initialized: urban_urban
Transition completed: urban at 2025-06-18 00:06:57.472793
Background: Silently loading explorer data for 2023...
Loading survey data from: data/processed/PER_2023_responses_V3.csv
Q101 column found in dataset
Sample raw district values: 3, 3, 3, 3, 3
Sample raw gender values: 1, 1, 1, 2, 1
Sample raw age values: 4, 2, 4, 1, 1
Sample mapped gender values: Hombre, Hombre, Hombre, Mujer, Hombre
Standardized gender distribution: Hombre = 800, Mujer = 722, No especificado = 2
Loading survey data from: data/processed/PAR_2023_responses_V2.csv
Q101 column found in dataset
Sample raw district values: 3, 3, 3, 3, 3
Sample raw gender values: 1, 2, 1, 2, 2
Sample raw age values: 2, 1, 3, 3, 4
Sample mapped gender values: Hombre, Mujer, Hombre, Mujer, Mujer
Standardized gender distribution: Hombre = 731, Mujer = 770, Otro = 5
Background: Completed explorer data for 2023
Transition started: mobility at 2025-06-18 00:06:58.19922
Tab: mobility | Cache: 57.0 MB (62.5% hit, 90 objects)
UI module for mobility already preloaded
Server module for mobility already preloaded
Server initialized: urban_mobility
Transition completed: mobility at 2025-06-18 00:06:59.205481
Transition started: urban at 2025-06-18 00:06:59.761879
Tab: urban | Cache: 57.0 MB (62.9% hit, 90 objects)
Silent loaded UI module: dashboard_mapUI
UI module for urban already preloaded
Server module for urban already preloaded
Transition completed: urban at 2025-06-18 00:07:00.769374
Transition started: government at 2025-06-18 00:07:02.117499
Tab: government | Cache: 57.0 MB (63.7% hit, 90 objects)
Slow transition detected: 3.91 seconds to government
UI module for government already preloaded
Server module for government already preloaded
Server initialized: government_government
Transition completed: government at 2025-06-18 00:07:03.146629
Transition started: accountability at 2025-06-18 00:07:03.291815
Tab: accountability | Cache: 57.0 MB (64.1% hit, 90 objects)
UI module for accountability already preloaded
Server module for accountability already preloaded
Server initialized: government_accountability
Transition completed: accountability at 2025-06-18 00:07:04.342371
Transition started: government at 2025-06-18 00:07:05.669103
Tab: government | Cache: 57.0 MB (64.5% hit, 90 objects)
UI module for government already preloaded
Server module for government already preloaded
Transition completed: government at 2025-06-18 00:07:06.678138
Silent loaded server module: public_servicesServer
Background: Silently loaded wellness 2024 (3 items)
Transition started: participation at 2025-06-18 00:07:10.180749
Tab: participation | Cache: 57.0 MB (64.9% hit, 90 objects)
Slow transition detected: 6.89 seconds to participation
UI module for participation already preloaded
Server module for participation already preloaded
Server initialized: participation_participation
Background: Silently loaded government 2024 (1 items)
Transition completed: participation at 2025-06-18 00:07:11.185664
Background: Silently loaded infrastructure 2024 (3 items)
Background: Silently loaded economic 2024 (3 items)
Silent loaded server module: dashboard_mapServer
Background: Silently loaded urban 2024 (2 items)
Background: Silently loaded cultural 2024 (2 items)
Background: Silently loaded participation 2024 (3 items)
Background: Silently loaded identity 2024 (3 items)
Background: Silently loaded environment 2024 (3 items)

