
Attaching package: ‘dplyr’

The following objects are masked from ‘package:stats’:

    filter, lag

The following objects are masked from ‘package:base’:

    intersect, setdiff, setequal, union


Attaching package: ‘bslib’

The following object is masked from ‘package:utils’:

    page


Attaching package: ‘DT’

The following objects are masked from ‘package:shiny’:

    dataTableOutput, renderDataTable

Loading required package: ggplot2

Attaching package: ‘plotly’

The following object is masked from ‘package:ggplot2’:

    last_plot

The following object is masked from ‘package:stats’:

    filter

The following object is masked from ‘package:graphics’:

    layout

Linking to GEOS 3.12.1, GDAL 3.8.4, PROJ 9.4.0; sf_use_s2() is TRUE
── Attaching core tidyverse packages ──────────────────────── tidyverse 2.0.0 ──
✔ forcats   1.0.0     ✔ stringr   1.5.1
✔ lubridate 1.9.4     ✔ tibble    3.2.1
✔ purrr     1.0.4     ✔ tidyr     1.3.1
✔ readr     2.1.5     
── Conflicts ────────────────────────────────────────── tidyverse_conflicts() ──
✖ plotly::filter() masks dplyr::filter(), stats::filter()
✖ dplyr::lag()     masks stats::lag()
ℹ Use the conflicted package (<http://conflicted.r-lib.org/>) to force all conflicts to become errors

Attaching package: ‘igraph’

The following objects are masked from ‘package:lubridate’:

    %--%, union

The following objects are masked from ‘package:purrr’:

    compose, simplify

The following object is masked from ‘package:tidyr’:

    crossing

The following object is masked from ‘package:tibble’:

    as_data_frame

The following object is masked from ‘package:plotly’:

    groups

The following objects are masked from ‘package:dplyr’:

    as_data_frame, groups, union

The following objects are masked from ‘package:stats’:

    decompose, spectrum

The following object is masked from ‘package:base’:

    union


Attaching package: ‘shinyjs’

The following object is masked from ‘package:lubridate’:

    show

The following object is masked from ‘package:shiny’:

    runExample

The following objects are masked from ‘package:methods’:

    removeClass, show


Attaching package: ‘colourpicker’

The following objects are masked from ‘package:shinyjs’:

    colourInput, colourPicker, runExample, updateColourInput

The following object is masked from ‘package:shiny’:

    runExample

Loaded module: R/binary_module.R
Loaded module: R/categorical_module.R
Loaded module: R/interval_module.R
Loaded module: R/ordinal_module.R
Loaded module: R/nominal_module.R
Loaded module: R/razon_module.R
Loaded module: R/special_module.R
Warning: Navigation containers expect a collection of `bslib::nav_panel()`/`shiny::tabPanel()`s and/or `bslib::nav_menu()`/`shiny::navbarMenu()`s. Consider using `header` or `footer` if you wish to place content above (or below) every panel's contents.

Listening on http://127.0.0.1:41343
DataManager initialized with shared cache
Starting data preloading...
Loading plots for wellness 2023 from RDS
Loading maps for wellness 2023 from RDS
Loading plots for economic 2023 from RDS
Loading maps for economic 2023 from RDS
Loading plots for cultural 2023 from RDS
Loading plots for identity 2023 from RDS
Loading maps for identity 2023 from RDS
Loading plots for environment 2023 from RDS
Loading maps for environment 2023 from RDS
Loading plots for wellness 2024 from RDS
Loading maps for wellness 2024 from RDS
Loading plots for economic 2024 from RDS
Loading maps for economic 2024 from RDS
Loading plots for cultural 2024 from RDS
Loading plots for identity 2024 from RDS
Loading maps for identity 2024 from RDS
Loading plots for environment 2024 from RDS
Loading maps for environment 2024 from RDS
Data preloading completed in 0.83 seconds
Loaded 24/24 items successfully
Cache performance - Hits: 0, Misses: 24, Hit rate: 0.0%, Cache size: 24 items
Loaded module: R/infrastructure/infrastructure_server.R
Loaded module: R/infrastructure/infrastructure_ui.R
Loading maps for infrastructure 2024 from RDS
Loading plots for infrastructure 2024 from RDS
Loaded module: R/government/government_server.R
Loaded module: R/government/government_ui.R
Loading plots for government 2024 from RDS
Loaded module: R/government/inequality_server.R
Loaded module: R/government/inequality_ui.R
Loading plots for inequality 2024 from RDS
Loading maps for inequality 2024 from RDS
Warning in doTryCatch(return(expr), name, parentenv, handler) :
  Map file not found: data/plots/map_inequality_2024.rds
Loaded module: R/government/trust_server.R
Loaded module: R/government/trust_ui.R
Loading plots for trust 2024 from RDS
Loaded module: R/government/accountability_server.R
Loaded module: R/government/accountability_ui.R
Loading plots for accountability 2024 from RDS
Loaded module: R/government/representation_server.R
Loaded module: R/government/representation_ui.R
Loading plots for representation 2024 from RDS
Loading maps for representation 2024 from RDS
Warning in doTryCatch(return(expr), name, parentenv, handler) :
  Map file not found: data/plots/map_representation_2024.rds
Loaded module: R/government/expectations_server.R
Loaded module: R/government/expectations_ui.R
Loading plots for expectations 2024 from RDS
Loading maps for expectations 2024 from RDS
Warning in doTryCatch(return(expr), name, parentenv, handler) :
  Map file not found: data/plots/map_expectations_2024.rds
Cache performance - Hits: 4, Misses: 37, Hit rate: 9.8%, Cache size: 37 items

